[INFO] Scanning for projects...
[INFO]
[INFO] ------------------< com.example:kafka-consumer-demo >-------------------
[INFO] Building Kafka Consumer autotune 1.0.0
[INFO]   from pom.xml
[INFO] --------------------------------[ jar ]---------------------------------
[INFO]
[INFO] --- jacoco:0.8.14:prepare-agent (default) @ kafka-consumer-demo ---
[INFO] argLine set to -javaagent:/home/jules/.m2/repository/org/jacoco/org.jacoco.agent/0.8.14/org.jacoco.agent-0.8.14-runtime.jar=destfile=/app/target/jacoco.exec
[INFO]
[INFO] --- spring-boot:3.5.9:build-info (default) @ kafka-consumer-demo ---
[INFO]
[INFO] --- resources:3.3.1:resources (default-resources) @ kafka-consumer-demo ---
[INFO] Copying 1 resource from src/main/resources to target/classes
[INFO] Copying 14 resources from src/main/resources to target/classes
[INFO]
[INFO] --- compiler:3.14.1:compile (default-compile) @ kafka-consumer-demo ---
[INFO] Nothing to compile - all classes are up to date.
[INFO]
[INFO] --- resources:3.3.1:testResources (default-testResources) @ kafka-consumer-demo ---
[INFO] skip non existing resourceDirectory /app/src/test/resources
[INFO]
[INFO] --- compiler:3.14.1:testCompile (default-testCompile) @ kafka-consumer-demo ---
[INFO] Recompiling the module because of changed source code.
[INFO] Compiling 11 source files with javac [debug parameters release 21] to target/test-classes
[WARNING] /app/src/test/java/com/vaut/controller/DashboardControllerTest.java:[27,6] org.springframework.boot.test.mock.mockito.MockBean in org.springframework.boot.test.mock.mockito has been deprecated and marked for removal
[WARNING] /app/src/test/java/com/vaut/controller/DashboardControllerTest.java:[27,6] org.springframework.boot.test.mock.mockito.MockBean in org.springframework.boot.test.mock.mockito has been deprecated and marked for removal
[WARNING] /app/src/test/java/com/vaut/controller/DashboardControllerTest.java:[27,6] org.springframework.boot.test.mock.mockito.MockBean in org.springframework.boot.test.mock.mockito has been deprecated and marked for removal
[WARNING] /app/src/test/java/com/vaut/controller/DashboardControllerTest.java:[27,6] org.springframework.boot.test.mock.mockito.MockBean in org.springframework.boot.test.mock.mockito has been deprecated and marked for removal
[WARNING] /app/src/test/java/com/vaut/controller/DashboardControllerTest.java:[27,6] org.springframework.boot.test.mock.mockito.MockBean in org.springframework.boot.test.mock.mockito has been deprecated and marked for removal
[WARNING] /app/src/test/java/com/vaut/controller/DashboardControllerTest.java:[30,6] org.springframework.boot.test.mock.mockito.MockBean in org.springframework.boot.test.mock.mockito has been deprecated and marked for removal
[WARNING] /app/src/test/java/com/vaut/controller/DashboardControllerTest.java:[30,6] org.springframework.boot.test.mock.mockito.MockBean in org.springframework.boot.test.mock.mockito has been deprecated and marked for removal
[WARNING] /app/src/test/java/com/vaut/controller/DashboardControllerTest.java:[30,6] org.springframework.boot.test.mock.mockito.MockBean in org.springframework.boot.test.mock.mockito has been deprecated and marked for removal
[WARNING] /app/src/test/java/com/vaut/controller/DashboardControllerTest.java:[30,6] org.springframework.boot.test.mock.mockito.MockBean in org.springframework.boot.test.mock.mockito has been deprecated and marked for removal
[WARNING] /app/src/test/java/com/vaut/controller/DashboardControllerTest.java:[30,6] org.springframework.boot.test.mock.mockito.MockBean in org.springframework.boot.test.mock.mockito has been deprecated and marked for removal
[WARNING] /app/src/test/java/com/vaut/controller/DashboardControllerTest.java:[33,6] org.springframework.boot.test.mock.mockito.MockBean in org.springframework.boot.test.mock.mockito has been deprecated and marked for removal
[WARNING] /app/src/test/java/com/vaut/controller/DashboardControllerTest.java:[33,6] org.springframework.boot.test.mock.mockito.MockBean in org.springframework.boot.test.mock.mockito has been deprecated and marked for removal
[WARNING] /app/src/test/java/com/vaut/controller/DashboardControllerTest.java:[33,6] org.springframework.boot.test.mock.mockito.MockBean in org.springframework.boot.test.mock.mockito has been deprecated and marked for removal
[WARNING] /app/src/test/java/com/vaut/controller/DashboardControllerTest.java:[33,6] org.springframework.boot.test.mock.mockito.MockBean in org.springframework.boot.test.mock.mockito has been deprecated and marked for removal
[WARNING] /app/src/test/java/com/vaut/controller/DashboardControllerTest.java:[33,6] org.springframework.boot.test.mock.mockito.MockBean in org.springframework.boot.test.mock.mockito has been deprecated and marked for removal
[WARNING] /app/src/test/java/com/vaut/controller/DashboardControllerTest.java:[36,6] org.springframework.boot.test.mock.mockito.MockBean in org.springframework.boot.test.mock.mockito has been deprecated and marked for removal
[WARNING] /app/src/test/java/com/vaut/controller/DashboardControllerTest.java:[36,6] org.springframework.boot.test.mock.mockito.MockBean in org.springframework.boot.test.mock.mockito has been deprecated and marked for removal
[WARNING] /app/src/test/java/com/vaut/controller/DashboardControllerTest.java:[36,6] org.springframework.boot.test.mock.mockito.MockBean in org.springframework.boot.test.mock.mockito has been deprecated and marked for removal
[WARNING] /app/src/test/java/com/vaut/controller/DashboardControllerTest.java:[36,6] org.springframework.boot.test.mock.mockito.MockBean in org.springframework.boot.test.mock.mockito has been deprecated and marked for removal
[WARNING] /app/src/test/java/com/vaut/controller/DashboardControllerTest.java:[36,6] org.springframework.boot.test.mock.mockito.MockBean in org.springframework.boot.test.mock.mockito has been deprecated and marked for removal
[WARNING] /app/src/test/java/com/vaut/integration/CircuitBreakerIntegrationTest.java:[40,6] org.springframework.boot.test.mock.mockito.SpyBean in org.springframework.boot.test.mock.mockito has been deprecated and marked for removal
[WARNING] /app/src/test/java/com/vaut/integration/CircuitBreakerIntegrationTest.java:[40,6] org.springframework.boot.test.mock.mockito.SpyBean in org.springframework.boot.test.mock.mockito has been deprecated and marked for removal
[WARNING] /app/src/test/java/com/vaut/integration/CircuitBreakerIntegrationTest.java:[40,6] org.springframework.boot.test.mock.mockito.SpyBean in org.springframework.boot.test.mock.mockito has been deprecated and marked for removal
[WARNING] /app/src/test/java/com/vaut/integration/CircuitBreakerIntegrationTest.java:[40,6] org.springframework.boot.test.mock.mockito.SpyBean in org.springframework.boot.test.mock.mockito has been deprecated and marked for removal
[WARNING] /app/src/test/java/com/vaut/integration/CircuitBreakerIntegrationTest.java:[40,6] org.springframework.boot.test.mock.mockito.SpyBean in org.springframework.boot.test.mock.mockito has been deprecated and marked for removal
[WARNING] /app/src/test/java/com/vaut/integration/ConsotopicIntegrationTest.java:[42,6] org.springframework.boot.test.mock.mockito.SpyBean in org.springframework.boot.test.mock.mockito has been deprecated and marked for removal
[WARNING] /app/src/test/java/com/vaut/integration/ConsotopicIntegrationTest.java:[42,6] org.springframework.boot.test.mock.mockito.SpyBean in org.springframework.boot.test.mock.mockito has been deprecated and marked for removal
[WARNING] /app/src/test/java/com/vaut/integration/ConsotopicIntegrationTest.java:[42,6] org.springframework.boot.test.mock.mockito.SpyBean in org.springframework.boot.test.mock.mockito has been deprecated and marked for removal
[WARNING] /app/src/test/java/com/vaut/integration/ConsotopicIntegrationTest.java:[42,6] org.springframework.boot.test.mock.mockito.SpyBean in org.springframework.boot.test.mock.mockito has been deprecated and marked for removal
[WARNING] /app/src/test/java/com/vaut/integration/ConsotopicIntegrationTest.java:[42,6] org.springframework.boot.test.mock.mockito.SpyBean in org.springframework.boot.test.mock.mockito has been deprecated and marked for removal
[INFO] /app/src/test/java/com/vaut/service/DltServiceTest.java: /app/src/test/java/com/vaut/service/DltServiceTest.java uses unchecked or unsafe operations.
[INFO] /app/src/test/java/com/vaut/service/DltServiceTest.java: Recompile with -Xlint:unchecked for details.
[INFO]
[INFO] --- surefire:3.5.4:test (default-test) @ kafka-consumer-demo ---
[INFO] Using auto detected provider org.apache.maven.surefire.junitplatform.JUnitPlatformProvider
[INFO]
[INFO] -------------------------------------------------------
[INFO]  T E S T S
[INFO] -------------------------------------------------------
[INFO] Running com.vaut.TracingIntegrationTest
10:18:01.318 [main] INFO org.springframework.test.context.support.AnnotationConfigContextLoaderUtils -- Could not detect default configuration classes for test class [com.vaut.TracingIntegrationTest]: TracingIntegrationTest does not declare any static, non-private, non-final, nested classes annotated with @Configuration.
10:18:01.481 [main] INFO org.springframework.boot.test.context.SpringBootTestContextBootstrapper -- Found @SpringBootConfiguration com.vaut.ConsotopicApplication for test class com.vaut.TracingIntegrationTest

  .   ____          _            __ _ _
 /\\ / ___'_ __ _ _(_)_ __  __ _ \ \ \ \
( ( )\___ | '_ | '_| | '_ \/ _` | \ \ \ \
 \\/  ___)| |_)| | | | | || (_| |  ) ) ) )
  '  |____| .__|_| |_|_| |_\__, | / / / /
 =========|_|==============|___/=/_/_/_/

 :: Spring Boot ::                (v3.5.9)

2026-02-25T10:18:04.462Z  INFO 14788 --- [kafka-consumer-batch-service] [           main] [                                                 ] .s.d.r.c.RepositoryConfigurationDelegate : Bootstrapping Spring Data JPA repositories in DEFAULT mode.
{"@timestamp":"2026-02-25T10:18:04.46267044Z","event":{"category":"web","kind":"event","outcome":"success","type":"access"},"correlation":{"id":"none","traceId":"none","spanId":"none"},"log":{"level":"INFO","logger":"org.springframework.data.repository.config.RepositoryConfigurationDelegate","rgpd":"false","authentication":""},"message":"Bootstrapping Spring Data JPA repositories in DEFAULT mode.","organization":{"service":{"id":"USR-SVC-001","application":"kafka-consumer-batch-service","version":"1.0.0"}}}
2026-02-25T10:18:04.542Z  INFO 14788 --- [kafka-consumer-batch-service] [           main] [                                                 ] .s.d.r.c.RepositoryConfigurationDelegate : Finished Spring Data repository scanning in 62 ms. Found 2 JPA repository interfaces.
{"@timestamp":"2026-02-25T10:18:04.542605259Z","event":{"category":"web","kind":"event","outcome":"success","type":"access"},"correlation":{"id":"none","traceId":"none","spanId":"none"},"log":{"level":"INFO","logger":"org.springframework.data.repository.config.RepositoryConfigurationDelegate","rgpd":"false","authentication":""},"message":"Finished Spring Data repository scanning in 62 ms. Found 2 JPA repository interfaces.","organization":{"service":{"id":"USR-SVC-001","application":"kafka-consumer-batch-service","version":"1.0.0"}}}
2026-02-25T10:18:05.724Z  INFO 14788 --- [kafka-consumer-batch-service] [           main] [                                                 ] o.hibernate.jpa.internal.util.LogHelper  : HHH000204: Processing PersistenceUnitInfo [name: default]
{"@timestamp":"2026-02-25T10:18:05.724702339Z","event":{"category":"web","kind":"event","outcome":"success","type":"access"},"correlation":{"id":"none","traceId":"none","spanId":"none"},"log":{"level":"INFO","logger":"org.hibernate.jpa.internal.util.LogHelper","rgpd":"false","authentication":""},"message":"HHH000204: Processing PersistenceUnitInfo [name: default]","organization":{"service":{"id":"USR-SVC-001","application":"kafka-consumer-batch-service","version":"1.0.0"}}}
2026-02-25T10:18:05.782Z  INFO 14788 --- [kafka-consumer-batch-service] [           main] [                                                 ] org.hibernate.Version                    : HHH000412: Hibernate ORM core version 6.6.39.Final
{"@timestamp":"2026-02-25T10:18:05.782850175Z","event":{"category":"web","kind":"event","outcome":"success","type":"access"},"correlation":{"id":"none","traceId":"none","spanId":"none"},"log":{"level":"INFO","logger":"org.hibernate.Version","rgpd":"false","authentication":""},"message":"HHH000412: Hibernate ORM core version 6.6.39.Final","organization":{"service":{"id":"USR-SVC-001","application":"kafka-consumer-batch-service","version":"1.0.0"}}}
2026-02-25T10:18:05.824Z  INFO 14788 --- [kafka-consumer-batch-service] [           main] [                                                 ] o.h.c.internal.RegionFactoryInitiator    : HHH000026: Second-level cache disabled
{"@timestamp":"2026-02-25T10:18:05.824970104Z","event":{"category":"web","kind":"event","outcome":"success","type":"access"},"correlation":{"id":"none","traceId":"none","spanId":"none"},"log":{"level":"INFO","logger":"org.hibernate.cache.internal.RegionFactoryInitiator","rgpd":"false","authentication":""},"message":"HHH000026: Second-level cache disabled","organization":{"service":{"id":"USR-SVC-001","application":"kafka-consumer-batch-service","version":"1.0.0"}}}
2026-02-25T10:18:06.143Z  INFO 14788 --- [kafka-consumer-batch-service] [           main] [                                                 ] o.s.o.j.p.SpringPersistenceUnitInfo      : No LoadTimeWeaver setup: ignoring JPA class transformer
{"@timestamp":"2026-02-25T10:18:06.143812122Z","event":{"category":"web","kind":"event","outcome":"success","type":"access"},"correlation":{"id":"none","traceId":"none","spanId":"none"},"log":{"level":"INFO","logger":"org.springframework.orm.jpa.persistenceunit.SpringPersistenceUnitInfo","rgpd":"false","authentication":""},"message":"No LoadTimeWeaver setup: ignoring JPA class transformer","organization":{"service":{"id":"USR-SVC-001","application":"kafka-consumer-batch-service","version":"1.0.0"}}}
2026-02-25T10:18:06.176Z  INFO 14788 --- [kafka-consumer-batch-service] [           main] [                                                 ] com.zaxxer.hikari.HikariDataSource       : HikariPool-1 - Starting...
{"@timestamp":"2026-02-25T10:18:06.176573153Z","event":{"category":"web","kind":"event","outcome":"success","type":"access"},"correlation":{"id":"none","traceId":"none","spanId":"none"},"log":{"level":"INFO","logger":"com.zaxxer.hikari.HikariDataSource","rgpd":"false","authentication":""},"message":"HikariPool-1 - Starting...","organization":{"service":{"id":"USR-SVC-001","application":"kafka-consumer-batch-service","version":"1.0.0"}}}
2026-02-25T10:18:06.595Z  INFO 14788 --- [kafka-consumer-batch-service] [           main] [                                                 ] com.zaxxer.hikari.pool.HikariPool        : HikariPool-1 - Added connection conn0: url=jdbc:h2:mem:localdb user=SA
{"@timestamp":"2026-02-25T10:18:06.595750294Z","event":{"category":"web","kind":"event","outcome":"success","type":"access"},"correlation":{"id":"none","traceId":"none","spanId":"none"},"log":{"level":"INFO","logger":"com.zaxxer.hikari.pool.HikariPool","rgpd":"false","authentication":""},"message":"HikariPool-1 - Added connection conn0: url=jdbc:h2:mem:localdb user=SA","organization":{"service":{"id":"USR-SVC-001","application":"kafka-consumer-batch-service","version":"1.0.0"}}}
2026-02-25T10:18:06.600Z  INFO 14788 --- [kafka-consumer-batch-service] [           main] [                                                 ] com.zaxxer.hikari.HikariDataSource       : HikariPool-1 - Start completed.
{"@timestamp":"2026-02-25T10:18:06.600626798Z","event":{"category":"web","kind":"event","outcome":"success","type":"access"},"correlation":{"id":"none","traceId":"none","spanId":"none"},"log":{"level":"INFO","logger":"com.zaxxer.hikari.HikariDataSource","rgpd":"false","authentication":""},"message":"HikariPool-1 - Start completed.","organization":{"service":{"id":"USR-SVC-001","application":"kafka-consumer-batch-service","version":"1.0.0"}}}
2026-02-25T10:18:06.630Z  WARN 14788 --- [kafka-consumer-batch-service] [           main] [                                                 ] org.hibernate.orm.deprecation            : HHH90000025: H2Dialect does not need to be specified explicitly using 'hibernate.dialect' (remove the property setting and it will be selected by default)
{"@timestamp":"2026-02-25T10:18:06.630217339Z","event":{"category":"web","kind":"event","outcome":"success","type":"access"},"correlation":{"id":"none","traceId":"none","spanId":"none"},"log":{"level":"WARN","logger":"org.hibernate.orm.deprecation","rgpd":"false","authentication":""},"message":"HHH90000025: H2Dialect does not need to be specified explicitly using 'hibernate.dialect' (remove the property setting and it will be selected by default)","organization":{"service":{"id":"USR-SVC-001","application":"kafka-consumer-batch-service","version":"1.0.0"}}}
2026-02-25T10:18:06.659Z  INFO 14788 --- [kafka-consumer-batch-service] [           main] [                                                 ] org.hibernate.orm.connections.pooling    : HHH10001005: Database info:
	Database JDBC URL [Connecting through datasource 'HikariDataSource (HikariPool-1)']
	Database driver: undefined/unknown
	Database version: 2.3.232
	Autocommit mode: undefined/unknown
	Isolation level: undefined/unknown
	Minimum pool size: undefined/unknown
	Maximum pool size: undefined/unknown
{"@timestamp":"2026-02-25T10:18:06.65981904Z","event":{"category":"web","kind":"event","outcome":"success","type":"access"},"correlation":{"id":"none","traceId":"none","spanId":"none"},"log":{"level":"INFO","logger":"org.hibernate.orm.connections.pooling","rgpd":"false","authentication":""},"message":"HHH10001005: Database info:\n\tDatabase JDBC URL [Connecting through datasource 'HikariDataSource (HikariPool-1)']\n\tDatabase driver: undefined/unknown\n\tDatabase version: 2.3.232\n\tAutocommit mode: undefined/unknown\n\tIsolation level: undefined/unknown\n\tMinimum pool size: undefined/unknown\n\tMaximum pool size: undefined/unknown","organization":{"service":{"id":"USR-SVC-001","application":"kafka-consumer-batch-service","version":"1.0.0"}}}
2026-02-25T10:18:07.722Z  INFO 14788 --- [kafka-consumer-batch-service] [           main] [                                                 ] o.h.e.t.j.p.i.JtaPlatformInitiator       : HHH000489: No JTA platform available (set 'hibernate.transaction.jta.platform' to enable JTA platform integration)
{"@timestamp":"2026-02-25T10:18:07.722507959Z","event":{"category":"web","kind":"event","outcome":"success","type":"access"},"correlation":{"id":"none","traceId":"none","spanId":"none"},"log":{"level":"INFO","logger":"org.hibernate.engine.transaction.jta.platform.internal.JtaPlatformInitiator","rgpd":"false","authentication":""},"message":"HHH000489: No JTA platform available (set 'hibernate.transaction.jta.platform' to enable JTA platform integration)","organization":{"service":{"id":"USR-SVC-001","application":"kafka-consumer-batch-service","version":"1.0.0"}}}
2026-02-25T10:18:07.760Z  INFO 14788 --- [kafka-consumer-batch-service] [           main] [                                                 ] j.LocalContainerEntityManagerFactoryBean : Initialized JPA EntityManagerFactory for persistence unit 'default'
{"@timestamp":"2026-02-25T10:18:07.760210682Z","event":{"category":"web","kind":"event","outcome":"success","type":"access"},"correlation":{"id":"none","traceId":"none","spanId":"none"},"log":{"level":"INFO","logger":"org.springframework.orm.jpa.LocalContainerEntityManagerFactoryBean","rgpd":"false","authentication":""},"message":"Initialized JPA EntityManagerFactory for persistence unit 'default'","organization":{"service":{"id":"USR-SVC-001","application":"kafka-consumer-batch-service","version":"1.0.0"}}}
2026-02-25T10:18:08.327Z  INFO 14788 --- [kafka-consumer-batch-service] [           main] [                                                 ] o.s.d.j.r.query.QueryEnhancerFactory     : Hibernate is in classpath; If applicable, HQL parser will be used.
{"@timestamp":"2026-02-25T10:18:08.327800746Z","event":{"category":"web","kind":"event","outcome":"success","type":"access"},"correlation":{"id":"none","traceId":"none","spanId":"none"},"log":{"level":"INFO","logger":"org.springframework.data.jpa.repository.query.QueryEnhancerFactory","rgpd":"false","authentication":""},"message":"Hibernate is in classpath; If applicable, HQL parser will be used.","organization":{"service":{"id":"USR-SVC-001","application":"kafka-consumer-batch-service","version":"1.0.0"}}}
2026-02-25T10:18:09.534Z  WARN 14788 --- [kafka-consumer-batch-service] [| adminclient-1] [                                                 ] org.apache.kafka.clients.NetworkClient   : [AdminClient clientId=adminclient-1] Connection to node -1 (localhost/127.0.0.1:9092) could not be established. Node may not be available.
{"@timestamp":"2026-02-25T10:18:09.534810562Z","event":{"category":"web","kind":"event","outcome":"success","type":"access"},"correlation":{"id":"none","traceId":"none","spanId":"none"},"log":{"level":"WARN","logger":"org.apache.kafka.clients.NetworkClient","rgpd":"false","authentication":""},"message":"[AdminClient clientId=adminclient-1] Connection to node -1 (localhost/127.0.0.1:9092) could not be established. Node may not be available.","organization":{"service":{"id":"USR-SVC-001","application":"kafka-consumer-batch-service","version":"1.0.0"}}}
2026-02-25T10:18:09.639Z  WARN 14788 --- [kafka-consumer-batch-service] [| adminclient-1] [                                                 ] org.apache.kafka.clients.NetworkClient   : [AdminClient clientId=adminclient-1] Connection to node -1 (localhost/127.0.0.1:9092) could not be established. Node may not be available.
{"@timestamp":"2026-02-25T10:18:09.639479499Z","event":{"category":"web","kind":"event","outcome":"success","type":"access"},"correlation":{"id":"none","traceId":"none","spanId":"none"},"log":{"level":"WARN","logger":"org.apache.kafka.clients.NetworkClient","rgpd":"false","authentication":""},"message":"[AdminClient clientId=adminclient-1] Connection to node -1 (localhost/127.0.0.1:9092) could not be established. Node may not be available.","organization":{"service":{"id":"USR-SVC-001","application":"kafka-consumer-batch-service","version":"1.0.0"}}}
2026-02-25T10:18:09.842Z  WARN 14788 --- [kafka-consumer-batch-service] [| adminclient-1] [                                                 ] org.apache.kafka.clients.NetworkClient   : [AdminClient clientId=adminclient-1] Connection to node -1 (localhost/127.0.0.1:9092) could not be established. Node may not be available.
{"@timestamp":"2026-02-25T10:18:09.842093067Z","event":{"category":"web","kind":"event","outcome":"success","type":"access"},"correlation":{"id":"none","traceId":"none","spanId":"none"},"log":{"level":"WARN","logger":"org.apache.kafka.clients.NetworkClient","rgpd":"false","authentication":""},"message":"[AdminClient clientId=adminclient-1] Connection to node -1 (localhost/127.0.0.1:9092) could not be established. Node may not be available.","organization":{"service":{"id":"USR-SVC-001","application":"kafka-consumer-batch-service","version":"1.0.0"}}}
2026-02-25T10:18:10.044Z  WARN 14788 --- [kafka-consumer-batch-service] [| adminclient-1] [                                                 ] org.apache.kafka.clients.NetworkClient   : [AdminClient clientId=adminclient-1] Connection to node -1 (localhost/127.0.0.1:9092) could not be established. Node may not be available.
{"@timestamp":"2026-02-25T10:18:10.044788533Z","event":{"category":"web","kind":"event","outcome":"success","type":"access"},"correlation":{"id":"none","traceId":"none","spanId":"none"},"log":{"level":"WARN","logger":"org.apache.kafka.clients.NetworkClient","rgpd":"false","authentication":""},"message":"[AdminClient clientId=adminclient-1] Connection to node -1 (localhost/127.0.0.1:9092) could not be established. Node may not be available.","organization":{"service":{"id":"USR-SVC-001","application":"kafka-consumer-batch-service","version":"1.0.0"}}}
2026-02-25T10:18:10.549Z  WARN 14788 --- [kafka-consumer-batch-service] [| adminclient-1] [                                                 ] org.apache.kafka.clients.NetworkClient   : [AdminClient clientId=adminclient-1] Connection to node -1 (localhost/127.0.0.1:9092) could not be established. Node may not be available.
{"@timestamp":"2026-02-25T10:18:10.549494524Z","event":{"category":"web","kind":"event","outcome":"success","type":"access"},"correlation":{"id":"none","traceId":"none","spanId":"none"},"log":{"level":"WARN","logger":"org.apache.kafka.clients.NetworkClient","rgpd":"false","authentication":""},"message":"[AdminClient clientId=adminclient-1] Connection to node -1 (localhost/127.0.0.1:9092) could not be established. Node may not be available.","organization":{"service":{"id":"USR-SVC-001","application":"kafka-consumer-batch-service","version":"1.0.0"}}}
2026-02-25T10:18:10.703Z  WARN 14788 --- [kafka-consumer-batch-service] [           main] [                                                 ] JpaBaseConfiguration$JpaWebConfiguration : spring.jpa.open-in-view is enabled by default. Therefore, database queries may be performed during view rendering. Explicitly configure spring.jpa.open-in-view to disable this warning
{"@timestamp":"2026-02-25T10:18:10.703165956Z","event":{"category":"web","kind":"event","outcome":"success","type":"access"},"correlation":{"id":"none","traceId":"none","spanId":"none"},"log":{"level":"WARN","logger":"org.springframework.boot.autoconfigure.orm.jpa.JpaBaseConfiguration$JpaWebConfiguration","rgpd":"false","authentication":""},"message":"spring.jpa.open-in-view is enabled by default. Therefore, database queries may be performed during view rendering. Explicitly configure spring.jpa.open-in-view to disable this warning","organization":{"service":{"id":"USR-SVC-001","application":"kafka-consumer-batch-service","version":"1.0.0"}}}
2026-02-25T10:18:11.557Z  WARN 14788 --- [kafka-consumer-batch-service] [| adminclient-1] [                                                 ] org.apache.kafka.clients.NetworkClient   : [AdminClient clientId=adminclient-1] Connection to node -1 (localhost/127.0.0.1:9092) could not be established. Node may not be available.
{"@timestamp":"2026-02-25T10:18:11.557305863Z","event":{"category":"web","kind":"event","outcome":"success","type":"access"},"correlation":{"id":"none","traceId":"none","spanId":"none"},"log":{"level":"WARN","logger":"org.apache.kafka.clients.NetworkClient","rgpd":"false","authentication":""},"message":"[AdminClient clientId=adminclient-1] Connection to node -1 (localhost/127.0.0.1:9092) could not be established. Node may not be available.","organization":{"service":{"id":"USR-SVC-001","application":"kafka-consumer-batch-service","version":"1.0.0"}}}
2026-02-25T10:18:12.567Z  WARN 14788 --- [kafka-consumer-batch-service] [| adminclient-1] [                                                 ] org.apache.kafka.clients.NetworkClient   : [AdminClient clientId=adminclient-1] Connection to node -1 (localhost/127.0.0.1:9092) could not be established. Node may not be available.
{"@timestamp":"2026-02-25T10:18:12.567414341Z","event":{"category":"web","kind":"event","outcome":"success","type":"access"},"correlation":{"id":"none","traceId":"none","spanId":"none"},"log":{"level":"WARN","logger":"org.apache.kafka.clients.NetworkClient","rgpd":"false","authentication":""},"message":"[AdminClient clientId=adminclient-1] Connection to node -1 (localhost/127.0.0.1:9092) could not be established. Node may not be available.","organization":{"service":{"id":"USR-SVC-001","application":"kafka-consumer-batch-service","version":"1.0.0"}}}
2026-02-25T10:18:12.587Z  WARN 14788 --- [kafka-consumer-batch-service] [           main] [                                                 ] i.m.c.i.b.cache.CaffeineCacheMetrics     : The cache 'stats' is not recording statistics. No meters except 'cache.size' will be registered. Call 'Caffeine#recordStats()' prior to building the cache for metrics to be recorded.
{"@timestamp":"2026-02-25T10:18:12.587993725Z","event":{"category":"web","kind":"event","outcome":"success","type":"access"},"correlation":{"id":"none","traceId":"none","spanId":"none"},"log":{"level":"WARN","logger":"io.micrometer.core.instrument.binder.cache.CaffeineCacheMetrics","rgpd":"false","authentication":""},"message":"The cache 'stats' is not recording statistics. No meters except 'cache.size' will be registered. Call 'Caffeine#recordStats()' prior to building the cache for metrics to be recorded.","organization":{"service":{"id":"USR-SVC-001","application":"kafka-consumer-batch-service","version":"1.0.0"}}}
2026-02-25T10:18:12.810Z  INFO 14788 --- [kafka-consumer-batch-service] [           main] [                                                 ] o.s.b.a.h2.H2ConsoleAutoConfiguration    : H2 console available at '/h2-console'. Database available at 'jdbc:h2:mem:localdb'
{"@timestamp":"2026-02-25T10:18:12.810334782Z","event":{"category":"web","kind":"event","outcome":"success","type":"access"},"correlation":{"id":"none","traceId":"none","spanId":"none"},"log":{"level":"INFO","logger":"org.springframework.boot.autoconfigure.h2.H2ConsoleAutoConfiguration","rgpd":"false","authentication":""},"message":"H2 console available at '/h2-console'. Database available at 'jdbc:h2:mem:localdb'","organization":{"service":{"id":"USR-SVC-001","application":"kafka-consumer-batch-service","version":"1.0.0"}}}
2026-02-25T10:18:12.957Z  INFO 14788 --- [kafka-consumer-batch-service] [           main] [                                                 ] o.s.b.t.m.w.SpringBootMockServletContext : Initializing Spring TestDispatcherServlet ''
{"@timestamp":"2026-02-25T10:18:12.957979095Z","event":{"category":"web","kind":"event","outcome":"success","type":"access"},"correlation":{"id":"none","traceId":"none","spanId":"none"},"log":{"level":"INFO","logger":"org.springframework.boot.test.mock.web.SpringBootMockServletContext","rgpd":"false","authentication":""},"message":"Initializing Spring TestDispatcherServlet ''","organization":{"service":{"id":"USR-SVC-001","application":"kafka-consumer-batch-service","version":"1.0.0"}}}
2026-02-25T10:18:12.958Z  INFO 14788 --- [kafka-consumer-batch-service] [           main] [                                                 ] o.s.t.web.servlet.TestDispatcherServlet  : Initializing Servlet ''
{"@timestamp":"2026-02-25T10:18:12.958748781Z","event":{"category":"web","kind":"event","outcome":"success","type":"access"},"correlation":{"id":"none","traceId":"none","spanId":"none"},"log":{"level":"INFO","logger":"org.springframework.test.web.servlet.TestDispatcherServlet","rgpd":"false","authentication":""},"message":"Initializing Servlet ''","organization":{"service":{"id":"USR-SVC-001","application":"kafka-consumer-batch-service","version":"1.0.0"}}}
2026-02-25T10:18:12.976Z  INFO 14788 --- [kafka-consumer-batch-service] [           main] [                                                 ] o.s.b.a.e.web.EndpointLinksResolver      : Exposing 25 endpoints beneath base path '/actuator'
{"@timestamp":"2026-02-25T10:18:12.976886269Z","event":{"category":"web","kind":"event","outcome":"success","type":"access"},"correlation":{"id":"none","traceId":"none","spanId":"none"},"log":{"level":"INFO","logger":"org.springframework.boot.actuate.endpoint.web.EndpointLinksResolver","rgpd":"false","authentication":""},"message":"Exposing 25 endpoints beneath base path '/actuator'","organization":{"service":{"id":"USR-SVC-001","application":"kafka-consumer-batch-service","version":"1.0.0"}}}
2026-02-25T10:18:13.022Z  INFO 14788 --- [kafka-consumer-batch-service] [           main] [                                                 ] o.s.t.web.servlet.TestDispatcherServlet  : Completed initialization in 62 ms
{"@timestamp":"2026-02-25T10:18:13.022154782Z","event":{"category":"web","kind":"event","outcome":"success","type":"access"},"correlation":{"id":"none","traceId":"none","spanId":"none"},"log":{"level":"INFO","logger":"org.springframework.test.web.servlet.TestDispatcherServlet","rgpd":"false","authentication":""},"message":"Completed initialization in 62 ms","organization":{"service":{"id":"USR-SVC-001","application":"kafka-consumer-batch-service","version":"1.0.0"}}}
2026-02-25T10:18:13.173Z  INFO 14788 --- [kafka-consumer-batch-service] [           main] [                                                 ] o.s.m.s.b.SimpleBrokerMessageHandler     : Starting...
{"@timestamp":"2026-02-25T10:18:13.173293705Z","event":{"category":"web","kind":"event","outcome":"success","type":"access"},"correlation":{"id":"none","traceId":"none","spanId":"none"},"log":{"level":"INFO","logger":"org.springframework.messaging.simp.broker.SimpleBrokerMessageHandler","rgpd":"false","authentication":""},"message":"Starting...","organization":{"service":{"id":"USR-SVC-001","application":"kafka-consumer-batch-service","version":"1.0.0"}}}
2026-02-25T10:18:13.174Z  INFO 14788 --- [kafka-consumer-batch-service] [           main] [                                                 ] o.s.m.s.b.SimpleBrokerMessageHandler     : BrokerAvailabilityEvent[available=true, SimpleBrokerMessageHandler [org.springframework.messaging.simp.broker.DefaultSubscriptionRegistry@53a5b50f]]
{"@timestamp":"2026-02-25T10:18:13.174461256Z","event":{"category":"web","kind":"event","outcome":"success","type":"access"},"correlation":{"id":"none","traceId":"none","spanId":"none"},"log":{"level":"INFO","logger":"org.springframework.messaging.simp.broker.SimpleBrokerMessageHandler","rgpd":"false","authentication":""},"message":"BrokerAvailabilityEvent[available=true, SimpleBrokerMessageHandler [org.springframework.messaging.simp.broker.DefaultSubscriptionRegistry@53a5b50f]]","organization":{"service":{"id":"USR-SVC-001","application":"kafka-consumer-batch-service","version":"1.0.0"}}}
2026-02-25T10:18:13.176Z  INFO 14788 --- [kafka-consumer-batch-service] [           main] [                                                 ] o.s.m.s.b.SimpleBrokerMessageHandler     : Started.
{"@timestamp":"2026-02-25T10:18:13.176160449Z","event":{"category":"web","kind":"event","outcome":"success","type":"access"},"correlation":{"id":"none","traceId":"none","spanId":"none"},"log":{"level":"INFO","logger":"org.springframework.messaging.simp.broker.SimpleBrokerMessageHandler","rgpd":"false","authentication":""},"message":"Started.","organization":{"service":{"id":"USR-SVC-001","application":"kafka-consumer-batch-service","version":"1.0.0"}}}
2026-02-25T10:18:13.480Z  WARN 14788 --- [kafka-consumer-batch-service] [| adminclient-1] [                                                 ] org.apache.kafka.clients.NetworkClient   : [AdminClient clientId=adminclient-1] Connection to node -1 (localhost/127.0.0.1:9092) could not be established. Node may not be available.
{"@timestamp":"2026-02-25T10:18:13.480323088Z","event":{"category":"web","kind":"event","outcome":"success","type":"access"},"correlation":{"id":"none","traceId":"none","spanId":"none"},"log":{"level":"WARN","logger":"org.apache.kafka.clients.NetworkClient","rgpd":"false","authentication":""},"message":"[AdminClient clientId=adminclient-1] Connection to node -1 (localhost/127.0.0.1:9092) could not be established. Node may not be available.","organization":{"service":{"id":"USR-SVC-001","application":"kafka-consumer-batch-service","version":"1.0.0"}}}
Mockito is currently self-attaching to enable the inline-mock-maker. This will no longer work in future releases of the JDK. Please add Mockito as an agent to your build as described in Mockito's documentation: https://javadoc.io/doc/org.mockito/mockito-core/latest/org.mockito/org/mockito/Mockito.html#0.3
2026-02-25T10:18:13.744Z  WARN 14788 --- [kafka-consumer-batch-service] [hConsumer-0-C-1] [                                                 ] org.apache.kafka.clients.NetworkClient   : [Consumer clientId=consumer-ASF.PEAGE.BACKOFFICE.PARTAGE.RECOUVRABLE-2, groupId=ASF.PEAGE.BACKOFFICE.PARTAGE.RECOUVRABLE] Connection to node -1 (localhost/127.0.0.1:9092) could not be established. Node may not be available.
{"@timestamp":"2026-02-25T10:18:13.744155288Z","event":{"category":"web","kind":"event","outcome":"success","type":"access"},"correlation":{"id":"none","traceId":"none","spanId":"none"},"log":{"level":"WARN","logger":"org.apache.kafka.clients.NetworkClient","rgpd":"false","authentication":""},"message":"[Consumer clientId=consumer-ASF.PEAGE.BACKOFFICE.PARTAGE.RECOUVRABLE-2, groupId=ASF.PEAGE.BACKOFFICE.PARTAGE.RECOUVRABLE] Connection to node -1 (localhost/127.0.0.1:9092) could not be established. Node may not be available.","organization":{"service":{"id":"USR-SVC-001","application":"kafka-consumer-batch-service","version":"1.0.0"}}}
2026-02-25T10:18:13.744Z  WARN 14788 --- [kafka-consumer-batch-service] [hConsumer-0-C-1] [                                                 ] org.apache.kafka.clients.NetworkClient   : [Consumer clientId=consumer-ASF.PEAGE.BACKOFFICE.PARTAGE.RECOUVRABLE-2, groupId=ASF.PEAGE.BACKOFFICE.PARTAGE.RECOUVRABLE] Bootstrap broker localhost:9092 (id: -1 rack: null) disconnected
{"@timestamp":"2026-02-25T10:18:13.744918828Z","event":{"category":"web","kind":"event","outcome":"success","type":"access"},"correlation":{"id":"none","traceId":"none","spanId":"none"},"log":{"level":"WARN","logger":"org.apache.kafka.clients.NetworkClient","rgpd":"false","authentication":""},"message":"[Consumer clientId=consumer-ASF.PEAGE.BACKOFFICE.PARTAGE.RECOUVRABLE-2, groupId=ASF.PEAGE.BACKOFFICE.PARTAGE.RECOUVRABLE] Bootstrap broker localhost:9092 (id: -1 rack: null) disconnected","organization":{"service":{"id":"USR-SVC-001","application":"kafka-consumer-batch-service","version":"1.0.0"}}}
2026-02-25T10:18:13.728Z  WARN 14788 --- [kafka-consumer-batch-service] [hConsumer-1-C-1] [                                                 ] org.apache.kafka.clients.NetworkClient   : [Consumer clientId=consumer-ASF.PEAGE.BACKOFFICE.PARTAGE.RECOUVRABLE-3, groupId=ASF.PEAGE.BACKOFFICE.PARTAGE.RECOUVRABLE] Connection to node -1 (localhost/127.0.0.1:9092) could not be established. Node may not be available.
{"@timestamp":"2026-02-25T10:18:13.728643842Z","event":{"category":"web","kind":"event","outcome":"success","type":"access"},"correlation":{"id":"none","traceId":"none","spanId":"none"},"log":{"level":"WARN","logger":"org.apache.kafka.clients.NetworkClient","rgpd":"false","authentication":""},"message":"[Consumer clientId=consumer-ASF.PEAGE.BACKOFFICE.PARTAGE.RECOUVRABLE-3, groupId=ASF.PEAGE.BACKOFFICE.PARTAGE.RECOUVRABLE] Connection to node -1 (localhost/127.0.0.1:9092) could not be established. Node may not be available.","organization":{"service":{"id":"USR-SVC-001","application":"kafka-consumer-batch-service","version":"1.0.0"}}}
2026-02-25T10:18:13.752Z  WARN 14788 --- [kafka-consumer-batch-service] [hConsumer-1-C-1] [                                                 ] org.apache.kafka.clients.NetworkClient   : [Consumer clientId=consumer-ASF.PEAGE.BACKOFFICE.PARTAGE.RECOUVRABLE-3, groupId=ASF.PEAGE.BACKOFFICE.PARTAGE.RECOUVRABLE] Bootstrap broker localhost:9092 (id: -1 rack: null) disconnected
2026-02-25T10:18:13.737Z  WARN 14788 --- [kafka-consumer-batch-service] [hConsumer-2-C-1] [                                                 ] org.apache.kafka.clients.NetworkClient   : [Consumer clientId=consumer-ASF.PEAGE.BACKOFFICE.PARTAGE.RECOUVRABLE-4, groupId=ASF.PEAGE.BACKOFFICE.PARTAGE.RECOUVRABLE] Connection to node -1 (localhost/127.0.0.1:9092) could not be established. Node may not be available.
{"@timestamp":"2026-02-25T10:18:13.752078077Z","event":{"category":"web","kind":"event","outcome":"success","type":"access"},"correlation":{"id":"none","traceId":"none","spanId":"none"},"log":{"level":"WARN","logger":"org.apache.kafka.clients.NetworkClient","rgpd":"false","authentication":""},"message":"[Consumer clientId=consumer-ASF.PEAGE.BACKOFFICE.PARTAGE.RECOUVRABLE-3, groupId=ASF.PEAGE.BACKOFFICE.PARTAGE.RECOUVRABLE] Bootstrap broker localhost:9092 (id: -1 rack: null) disconnected","organization":{"service":{"id":"USR-SVC-001","application":"kafka-consumer-batch-service","version":"1.0.0"}}}
{"@timestamp":"2026-02-25T10:18:13.737463265Z","event":{"category":"web","kind":"event","outcome":"success","type":"access"},"correlation":{"id":"none","traceId":"none","spanId":"none"},"log":{"level":"WARN","logger":"org.apache.kafka.clients.NetworkClient","rgpd":"false","authentication":""},"message":"[Consumer clientId=consumer-ASF.PEAGE.BACKOFFICE.PARTAGE.RECOUVRABLE-4, groupId=ASF.PEAGE.BACKOFFICE.PARTAGE.RECOUVRABLE] Connection to node -1 (localhost/127.0.0.1:9092) could not be established. Node may not be available.","organization":{"service":{"id":"USR-SVC-001","application":"kafka-consumer-batch-service","version":"1.0.0"}}}
2026-02-25T10:18:13.753Z  WARN 14788 --- [kafka-consumer-batch-service] [hConsumer-2-C-1] [                                                 ] org.apache.kafka.clients.NetworkClient   : [Consumer clientId=consumer-ASF.PEAGE.BACKOFFICE.PARTAGE.RECOUVRABLE-4, groupId=ASF.PEAGE.BACKOFFICE.PARTAGE.RECOUVRABLE] Bootstrap broker localhost:9092 (id: -1 rack: null) disconnected
2026-02-25T10:18:13.731Z  WARN 14788 --- [kafka-consumer-batch-service] [hConsumer-4-C-1] [                                                 ] org.apache.kafka.clients.NetworkClient   : [Consumer clientId=consumer-ASF.PEAGE.BACKOFFICE.PARTAGE.RECOUVRABLE-6, groupId=ASF.PEAGE.BACKOFFICE.PARTAGE.RECOUVRABLE] Connection to node -1 (localhost/127.0.0.1:9092) could not be established. Node may not be available.
{"@timestamp":"2026-02-25T10:18:13.753129542Z","event":{"category":"web","kind":"event","outcome":"success","type":"access"},"correlation":{"id":"none","traceId":"none","spanId":"none"},"log":{"level":"WARN","logger":"org.apache.kafka.clients.NetworkClient","rgpd":"false","authentication":""},"message":"[Consumer clientId=consumer-ASF.PEAGE.BACKOFFICE.PARTAGE.RECOUVRABLE-4, groupId=ASF.PEAGE.BACKOFFICE.PARTAGE.RECOUVRABLE] Bootstrap broker localhost:9092 (id: -1 rack: null) disconnected","organization":{"service":{"id":"USR-SVC-001","application":"kafka-consumer-batch-service","version":"1.0.0"}}}
{"@timestamp":"2026-02-25T10:18:13.731217278Z","event":{"category":"web","kind":"event","outcome":"success","type":"access"},"correlation":{"id":"none","traceId":"none","spanId":"none"},"log":{"level":"WARN","logger":"org.apache.kafka.clients.NetworkClient","rgpd":"false","authentication":""},"message":"[Consumer clientId=consumer-ASF.PEAGE.BACKOFFICE.PARTAGE.RECOUVRABLE-6, groupId=ASF.PEAGE.BACKOFFICE.PARTAGE.RECOUVRABLE] Connection to node -1 (localhost/127.0.0.1:9092) could not be established. Node may not be available.","organization":{"service":{"id":"USR-SVC-001","application":"kafka-consumer-batch-service","version":"1.0.0"}}}
2026-02-25T10:18:13.754Z  WARN 14788 --- [kafka-consumer-batch-service] [hConsumer-4-C-1] [                                                 ] org.apache.kafka.clients.NetworkClient   : [Consumer clientId=consumer-ASF.PEAGE.BACKOFFICE.PARTAGE.RECOUVRABLE-6, groupId=ASF.PEAGE.BACKOFFICE.PARTAGE.RECOUVRABLE] Bootstrap broker localhost:9092 (id: -1 rack: null) disconnected
{"@timestamp":"2026-02-25T10:18:13.754019228Z","event":{"category":"web","kind":"event","outcome":"success","type":"access"},"correlation":{"id":"none","traceId":"none","spanId":"none"},"log":{"level":"WARN","logger":"org.apache.kafka.clients.NetworkClient","rgpd":"false","authentication":""},"message":"[Consumer clientId=consumer-ASF.PEAGE.BACKOFFICE.PARTAGE.RECOUVRABLE-6, groupId=ASF.PEAGE.BACKOFFICE.PARTAGE.RECOUVRABLE] Bootstrap broker localhost:9092 (id: -1 rack: null) disconnected","organization":{"service":{"id":"USR-SVC-001","application":"kafka-consumer-batch-service","version":"1.0.0"}}}
2026-02-25T10:18:13.741Z  WARN 14788 --- [kafka-consumer-batch-service] [hConsumer-3-C-1] [                                                 ] org.apache.kafka.clients.NetworkClient   : [Consumer clientId=consumer-ASF.PEAGE.BACKOFFICE.PARTAGE.RECOUVRABLE-5, groupId=ASF.PEAGE.BACKOFFICE.PARTAGE.RECOUVRABLE] Connection to node -1 (localhost/127.0.0.1:9092) could not be established. Node may not be available.
{"@timestamp":"2026-02-25T10:18:13.741816064Z","event":{"category":"web","kind":"event","outcome":"success","type":"access"},"correlation":{"id":"none","traceId":"none","spanId":"none"},"log":{"level":"WARN","logger":"org.apache.kafka.clients.NetworkClient","rgpd":"false","authentication":""},"message":"[Consumer clientId=consumer-ASF.PEAGE.BACKOFFICE.PARTAGE.RECOUVRABLE-5, groupId=ASF.PEAGE.BACKOFFICE.PARTAGE.RECOUVRABLE] Connection to node -1 (localhost/127.0.0.1:9092) could not be established. Node may not be available.","organization":{"service":{"id":"USR-SVC-001","application":"kafka-consumer-batch-service","version":"1.0.0"}}}
2026-02-25T10:18:13.756Z  WARN 14788 --- [kafka-consumer-batch-service] [hConsumer-3-C-1] [                                                 ] org.apache.kafka.clients.NetworkClient   : [Consumer clientId=consumer-ASF.PEAGE.BACKOFFICE.PARTAGE.RECOUVRABLE-5, groupId=ASF.PEAGE.BACKOFFICE.PARTAGE.RECOUVRABLE] Bootstrap broker localhost:9092 (id: -1 rack: null) disconnected
{"@timestamp":"2026-02-25T10:18:13.756566175Z","event":{"category":"web","kind":"event","outcome":"success","type":"access"},"correlation":{"id":"none","traceId":"none","spanId":"none"},"log":{"level":"WARN","logger":"org.apache.kafka.clients.NetworkClient","rgpd":"false","authentication":""},"message":"[Consumer clientId=consumer-ASF.PEAGE.BACKOFFICE.PARTAGE.RECOUVRABLE-5, groupId=ASF.PEAGE.BACKOFFICE.PARTAGE.RECOUVRABLE] Bootstrap broker localhost:9092 (id: -1 rack: null) disconnected","organization":{"service":{"id":"USR-SVC-001","application":"kafka-consumer-batch-service","version":"1.0.0"}}}
2026-02-25T10:18:13.733Z  WARN 14788 --- [kafka-consumer-batch-service] [tConsumer-0-C-1] [                                                 ] org.apache.kafka.clients.NetworkClient   : [Consumer clientId=consumer-ASF.PEAGE.BACKOFFICE.PARTAGE.RECOUVRABLE-dlt-1, groupId=ASF.PEAGE.BACKOFFICE.PARTAGE.RECOUVRABLE-dlt] Connection to node -1 (localhost/127.0.0.1:9092) could not be established. Node may not be available.
{"@timestamp":"2026-02-25T10:18:13.733138468Z","event":{"category":"web","kind":"event","outcome":"success","type":"access"},"correlation":{"id":"none","traceId":"none","spanId":"none"},"log":{"level":"WARN","logger":"org.apache.kafka.clients.NetworkClient","rgpd":"false","authentication":""},"message":"[Consumer clientId=consumer-ASF.PEAGE.BACKOFFICE.PARTAGE.RECOUVRABLE-dlt-1, groupId=ASF.PEAGE.BACKOFFICE.PARTAGE.RECOUVRABLE-dlt] Connection to node -1 (localhost/127.0.0.1:9092) could not be established. Node may not be available.","organization":{"service":{"id":"USR-SVC-001","application":"kafka-consumer-batch-service","version":"1.0.0"}}}
2026-02-25T10:18:13.758Z  WARN 14788 --- [kafka-consumer-batch-service] [tConsumer-0-C-1] [                                                 ] org.apache.kafka.clients.NetworkClient   : [Consumer clientId=consumer-ASF.PEAGE.BACKOFFICE.PARTAGE.RECOUVRABLE-dlt-1, groupId=ASF.PEAGE.BACKOFFICE.PARTAGE.RECOUVRABLE-dlt] Bootstrap broker localhost:9092 (id: -1 rack: null) disconnected
{"@timestamp":"2026-02-25T10:18:13.758495487Z","event":{"category":"web","kind":"event","outcome":"success","type":"access"},"correlation":{"id":"none","traceId":"none","spanId":"none"},"log":{"level":"WARN","logger":"org.apache.kafka.clients.NetworkClient","rgpd":"false","authentication":""},"message":"[Consumer clientId=consumer-ASF.PEAGE.BACKOFFICE.PARTAGE.RECOUVRABLE-dlt-1, groupId=ASF.PEAGE.BACKOFFICE.PARTAGE.RECOUVRABLE-dlt] Bootstrap broker localhost:9092 (id: -1 rack: null) disconnected","organization":{"service":{"id":"USR-SVC-001","application":"kafka-consumer-batch-service","version":"1.0.0"}}}
2026-02-25T10:18:13.740Z  WARN 14788 --- [kafka-consumer-batch-service] [hConsumer-5-C-1] [                                                 ] org.apache.kafka.clients.NetworkClient   : [Consumer clientId=consumer-ASF.PEAGE.BACKOFFICE.PARTAGE.RECOUVRABLE-7, groupId=ASF.PEAGE.BACKOFFICE.PARTAGE.RECOUVRABLE] Connection to node -1 (localhost/127.0.0.1:9092) could not be established. Node may not be available.
{"@timestamp":"2026-02-25T10:18:13.740090862Z","event":{"category":"web","kind":"event","outcome":"success","type":"access"},"correlation":{"id":"none","traceId":"none","spanId":"none"},"log":{"level":"WARN","logger":"org.apache.kafka.clients.NetworkClient","rgpd":"false","authentication":""},"message":"[Consumer clientId=consumer-ASF.PEAGE.BACKOFFICE.PARTAGE.RECOUVRABLE-7, groupId=ASF.PEAGE.BACKOFFICE.PARTAGE.RECOUVRABLE] Connection to node -1 (localhost/127.0.0.1:9092) could not be established. Node may not be available.","organization":{"service":{"id":"USR-SVC-001","application":"kafka-consumer-batch-service","version":"1.0.0"}}}
2026-02-25T10:18:13.759Z  WARN 14788 --- [kafka-consumer-batch-service] [hConsumer-5-C-1] [                                                 ] org.apache.kafka.clients.NetworkClient   : [Consumer clientId=consumer-ASF.PEAGE.BACKOFFICE.PARTAGE.RECOUVRABLE-7, groupId=ASF.PEAGE.BACKOFFICE.PARTAGE.RECOUVRABLE] Bootstrap broker localhost:9092 (id: -1 rack: null) disconnected
{"@timestamp":"2026-02-25T10:18:13.75937029Z","event":{"category":"web","kind":"event","outcome":"success","type":"access"},"correlation":{"id":"none","traceId":"none","spanId":"none"},"log":{"level":"WARN","logger":"org.apache.kafka.clients.NetworkClient","rgpd":"false","authentication":""},"message":"[Consumer clientId=consumer-ASF.PEAGE.BACKOFFICE.PARTAGE.RECOUVRABLE-7, groupId=ASF.PEAGE.BACKOFFICE.PARTAGE.RECOUVRABLE] Bootstrap broker localhost:9092 (id: -1 rack: null) disconnected","organization":{"service":{"id":"USR-SVC-001","application":"kafka-consumer-batch-service","version":"1.0.0"}}}
2026-02-25T10:18:13.851Z  WARN 14788 --- [kafka-consumer-batch-service] [tConsumer-0-C-1] [                                                 ] org.apache.kafka.clients.NetworkClient   : [Consumer clientId=consumer-ASF.PEAGE.BACKOFFICE.PARTAGE.RECOUVRABLE-dlt-1, groupId=ASF.PEAGE.BACKOFFICE.PARTAGE.RECOUVRABLE-dlt] Connection to node -1 (localhost/127.0.0.1:9092) could not be established. Node may not be available.
{"@timestamp":"2026-02-25T10:18:13.851014208Z","event":{"category":"web","kind":"event","outcome":"success","type":"access"},"correlation":{"id":"none","traceId":"none","spanId":"none"},"log":{"level":"WARN","logger":"org.apache.kafka.clients.NetworkClient","rgpd":"false","authentication":""},"message":"[Consumer clientId=consumer-ASF.PEAGE.BACKOFFICE.PARTAGE.RECOUVRABLE-dlt-1, groupId=ASF.PEAGE.BACKOFFICE.PARTAGE.RECOUVRABLE-dlt] Connection to node -1 (localhost/127.0.0.1:9092) could not be established. Node may not be available.","organization":{"service":{"id":"USR-SVC-001","application":"kafka-consumer-batch-service","version":"1.0.0"}}}
2026-02-25T10:18:13.851Z  WARN 14788 --- [kafka-consumer-batch-service] [tConsumer-0-C-1] [                                                 ] org.apache.kafka.clients.NetworkClient   : [Consumer clientId=consumer-ASF.PEAGE.BACKOFFICE.PARTAGE.RECOUVRABLE-dlt-1, groupId=ASF.PEAGE.BACKOFFICE.PARTAGE.RECOUVRABLE-dlt] Bootstrap broker localhost:9092 (id: -1 rack: null) disconnected
{"@timestamp":"2026-02-25T10:18:13.851869988Z","event":{"category":"web","kind":"event","outcome":"success","type":"access"},"correlation":{"id":"none","traceId":"none","spanId":"none"},"log":{"level":"WARN","logger":"org.apache.kafka.clients.NetworkClient","rgpd":"false","authentication":""},"message":"[Consumer clientId=consumer-ASF.PEAGE.BACKOFFICE.PARTAGE.RECOUVRABLE-dlt-1, groupId=ASF.PEAGE.BACKOFFICE.PARTAGE.RECOUVRABLE-dlt] Bootstrap broker localhost:9092 (id: -1 rack: null) disconnected","organization":{"service":{"id":"USR-SVC-001","application":"kafka-consumer-batch-service","version":"1.0.0"}}}
2026-02-25T10:18:13.853Z  WARN 14788 --- [kafka-consumer-batch-service] [hConsumer-4-C-1] [                                                 ] org.apache.kafka.clients.NetworkClient   : [Consumer clientId=consumer-ASF.PEAGE.BACKOFFICE.PARTAGE.RECOUVRABLE-6, groupId=ASF.PEAGE.BACKOFFICE.PARTAGE.RECOUVRABLE] Connection to node -1 (localhost/127.0.0.1:9092) could not be established. Node may not be available.
{"@timestamp":"2026-02-25T10:18:13.853446659Z","event":{"category":"web","kind":"event","outcome":"success","type":"access"},"correlation":{"id":"none","traceId":"none","spanId":"none"},"log":{"level":"WARN","logger":"org.apache.kafka.clients.NetworkClient","rgpd":"false","authentication":""},"message":"[Consumer clientId=consumer-ASF.PEAGE.BACKOFFICE.PARTAGE.RECOUVRABLE-6, groupId=ASF.PEAGE.BACKOFFICE.PARTAGE.RECOUVRABLE] Connection to node -1 (localhost/127.0.0.1:9092) could not be established. Node may not be available.","organization":{"service":{"id":"USR-SVC-001","application":"kafka-consumer-batch-service","version":"1.0.0"}}}
2026-02-25T10:18:13.854Z  WARN 14788 --- [kafka-consumer-batch-service] [hConsumer-4-C-1] [                                                 ] org.apache.kafka.clients.NetworkClient   : [Consumer clientId=consumer-ASF.PEAGE.BACKOFFICE.PARTAGE.RECOUVRABLE-6, groupId=ASF.PEAGE.BACKOFFICE.PARTAGE.RECOUVRABLE] Bootstrap broker localhost:9092 (id: -1 rack: null) disconnected
{"@timestamp":"2026-02-25T10:18:13.854040949Z","event":{"category":"web","kind":"event","outcome":"success","type":"access"},"correlation":{"id":"none","traceId":"none","spanId":"none"},"log":{"level":"WARN","logger":"org.apache.kafka.clients.NetworkClient","rgpd":"false","authentication":""},"message":"[Consumer clientId=consumer-ASF.PEAGE.BACKOFFICE.PARTAGE.RECOUVRABLE-6, groupId=ASF.PEAGE.BACKOFFICE.PARTAGE.RECOUVRABLE] Bootstrap broker localhost:9092 (id: -1 rack: null) disconnected","organization":{"service":{"id":"USR-SVC-001","application":"kafka-consumer-batch-service","version":"1.0.0"}}}
2026-02-25T10:18:13.854Z  WARN 14788 --- [kafka-consumer-batch-service] [hConsumer-5-C-1] [                                                 ] org.apache.kafka.clients.NetworkClient   : [Consumer clientId=consumer-ASF.PEAGE.BACKOFFICE.PARTAGE.RECOUVRABLE-7, groupId=ASF.PEAGE.BACKOFFICE.PARTAGE.RECOUVRABLE] Connection to node -1 (localhost/127.0.0.1:9092) could not be established. Node may not be available.
{"@timestamp":"2026-02-25T10:18:13.854954983Z","event":{"category":"web","kind":"event","outcome":"success","type":"access"},"correlation":{"id":"none","traceId":"none","spanId":"none"},"log":{"level":"WARN","logger":"org.apache.kafka.clients.NetworkClient","rgpd":"false","authentication":""},"message":"[Consumer clientId=consumer-ASF.PEAGE.BACKOFFICE.PARTAGE.RECOUVRABLE-7, groupId=ASF.PEAGE.BACKOFFICE.PARTAGE.RECOUVRABLE] Connection to node -1 (localhost/127.0.0.1:9092) could not be established. Node may not be available.","organization":{"service":{"id":"USR-SVC-001","application":"kafka-consumer-batch-service","version":"1.0.0"}}}
2026-02-25T10:18:13.855Z  WARN 14788 --- [kafka-consumer-batch-service] [hConsumer-5-C-1] [                                                 ] org.apache.kafka.clients.NetworkClient   : [Consumer clientId=consumer-ASF.PEAGE.BACKOFFICE.PARTAGE.RECOUVRABLE-7, groupId=ASF.PEAGE.BACKOFFICE.PARTAGE.RECOUVRABLE] Bootstrap broker localhost:9092 (id: -1 rack: null) disconnected
{"@timestamp":"2026-02-25T10:18:13.855280063Z","event":{"category":"web","kind":"event","outcome":"success","type":"access"},"correlation":{"id":"none","traceId":"none","spanId":"none"},"log":{"level":"WARN","logger":"org.apache.kafka.clients.NetworkClient","rgpd":"false","authentication":""},"message":"[Consumer clientId=consumer-ASF.PEAGE.BACKOFFICE.PARTAGE.RECOUVRABLE-7, groupId=ASF.PEAGE.BACKOFFICE.PARTAGE.RECOUVRABLE] Bootstrap broker localhost:9092 (id: -1 rack: null) disconnected","organization":{"service":{"id":"USR-SVC-001","application":"kafka-consumer-batch-service","version":"1.0.0"}}}
2026-02-25T10:18:13.864Z  WARN 14788 --- [kafka-consumer-batch-service] [hConsumer-2-C-1] [                                                 ] org.apache.kafka.clients.NetworkClient   : [Consumer clientId=consumer-ASF.PEAGE.BACKOFFICE.PARTAGE.RECOUVRABLE-4, groupId=ASF.PEAGE.BACKOFFICE.PARTAGE.RECOUVRABLE] Connection to node -1 (localhost/127.0.0.1:9092) could not be established. Node may not be available.
{"@timestamp":"2026-02-25T10:18:13.86422085Z","event":{"category":"web","kind":"event","outcome":"success","type":"access"},"correlation":{"id":"none","traceId":"none","spanId":"none"},"log":{"level":"WARN","logger":"org.apache.kafka.clients.NetworkClient","rgpd":"false","authentication":""},"message":"[Consumer clientId=consumer-ASF.PEAGE.BACKOFFICE.PARTAGE.RECOUVRABLE-4, groupId=ASF.PEAGE.BACKOFFICE.PARTAGE.RECOUVRABLE] Connection to node -1 (localhost/127.0.0.1:9092) could not be established. Node may not be available.","organization":{"service":{"id":"USR-SVC-001","application":"kafka-consumer-batch-service","version":"1.0.0"}}}
2026-02-25T10:18:13.864Z  WARN 14788 --- [kafka-consumer-batch-service] [hConsumer-2-C-1] [                                                 ] org.apache.kafka.clients.NetworkClient   : [Consumer clientId=consumer-ASF.PEAGE.BACKOFFICE.PARTAGE.RECOUVRABLE-4, groupId=ASF.PEAGE.BACKOFFICE.PARTAGE.RECOUVRABLE] Bootstrap broker localhost:9092 (id: -1 rack: null) disconnected
{"@timestamp":"2026-02-25T10:18:13.864896238Z","event":{"category":"web","kind":"event","outcome":"success","type":"access"},"correlation":{"id":"none","traceId":"none","spanId":"none"},"log":{"level":"WARN","logger":"org.apache.kafka.clients.NetworkClient","rgpd":"false","authentication":""},"message":"[Consumer clientId=consumer-ASF.PEAGE.BACKOFFICE.PARTAGE.RECOUVRABLE-4, groupId=ASF.PEAGE.BACKOFFICE.PARTAGE.RECOUVRABLE] Bootstrap broker localhost:9092 (id: -1 rack: null) disconnected","organization":{"service":{"id":"USR-SVC-001","application":"kafka-consumer-batch-service","version":"1.0.0"}}}
2026-02-25T10:18:13.872Z  WARN 14788 --- [kafka-consumer-batch-service] [hConsumer-0-C-1] [                                                 ] org.apache.kafka.clients.NetworkClient   : [Consumer clientId=consumer-ASF.PEAGE.BACKOFFICE.PARTAGE.RECOUVRABLE-2, groupId=ASF.PEAGE.BACKOFFICE.PARTAGE.RECOUVRABLE] Connection to node -1 (localhost/127.0.0.1:9092) could not be established. Node may not be available.
{"@timestamp":"2026-02-25T10:18:13.872217671Z","event":{"category":"web","kind":"event","outcome":"success","type":"access"},"correlation":{"id":"none","traceId":"none","spanId":"none"},"log":{"level":"WARN","logger":"org.apache.kafka.clients.NetworkClient","rgpd":"false","authentication":""},"message":"[Consumer clientId=consumer-ASF.PEAGE.BACKOFFICE.PARTAGE.RECOUVRABLE-2, groupId=ASF.PEAGE.BACKOFFICE.PARTAGE.RECOUVRABLE] Connection to node -1 (localhost/127.0.0.1:9092) could not be established. Node may not be available.","organization":{"service":{"id":"USR-SVC-001","application":"kafka-consumer-batch-service","version":"1.0.0"}}}
2026-02-25T10:18:13.872Z  WARN 14788 --- [kafka-consumer-batch-service] [hConsumer-0-C-1] [                                                 ] org.apache.kafka.clients.NetworkClient   : [Consumer clientId=consumer-ASF.PEAGE.BACKOFFICE.PARTAGE.RECOUVRABLE-2, groupId=ASF.PEAGE.BACKOFFICE.PARTAGE.RECOUVRABLE] Bootstrap broker localhost:9092 (id: -1 rack: null) disconnected
{"@timestamp":"2026-02-25T10:18:13.872664174Z","event":{"category":"web","kind":"event","outcome":"success","type":"access"},"correlation":{"id":"none","traceId":"none","spanId":"none"},"log":{"level":"WARN","logger":"org.apache.kafka.clients.NetworkClient","rgpd":"false","authentication":""},"message":"[Consumer clientId=consumer-ASF.PEAGE.BACKOFFICE.PARTAGE.RECOUVRABLE-2, groupId=ASF.PEAGE.BACKOFFICE.PARTAGE.RECOUVRABLE] Bootstrap broker localhost:9092 (id: -1 rack: null) disconnected","organization":{"service":{"id":"USR-SVC-001","application":"kafka-consumer-batch-service","version":"1.0.0"}}}
2026-02-25T10:18:13.876Z  WARN 14788 --- [kafka-consumer-batch-service] [hConsumer-3-C-1] [                                                 ] org.apache.kafka.clients.NetworkClient   : [Consumer clientId=consumer-ASF.PEAGE.BACKOFFICE.PARTAGE.RECOUVRABLE-5, groupId=ASF.PEAGE.BACKOFFICE.PARTAGE.RECOUVRABLE] Connection to node -1 (localhost/127.0.0.1:9092) could not be established. Node may not be available.
{"@timestamp":"2026-02-25T10:18:13.87609841Z","event":{"category":"web","kind":"event","outcome":"success","type":"access"},"correlation":{"id":"none","traceId":"none","spanId":"none"},"log":{"level":"WARN","logger":"org.apache.kafka.clients.NetworkClient","rgpd":"false","authentication":""},"message":"[Consumer clientId=consumer-ASF.PEAGE.BACKOFFICE.PARTAGE.RECOUVRABLE-5, groupId=ASF.PEAGE.BACKOFFICE.PARTAGE.RECOUVRABLE] Connection to node -1 (localhost/127.0.0.1:9092) could not be established. Node may not be available.","organization":{"service":{"id":"USR-SVC-001","application":"kafka-consumer-batch-service","version":"1.0.0"}}}
2026-02-25T10:18:13.877Z  WARN 14788 --- [kafka-consumer-batch-service] [hConsumer-3-C-1] [                                                 ] org.apache.kafka.clients.NetworkClient   : [Consumer clientId=consumer-ASF.PEAGE.BACKOFFICE.PARTAGE.RECOUVRABLE-5, groupId=ASF.PEAGE.BACKOFFICE.PARTAGE.RECOUVRABLE] Bootstrap broker localhost:9092 (id: -1 rack: null) disconnected
{"@timestamp":"2026-02-25T10:18:13.877180966Z","event":{"category":"web","kind":"event","outcome":"success","type":"access"},"correlation":{"id":"none","traceId":"none","spanId":"none"},"log":{"level":"WARN","logger":"org.apache.kafka.clients.NetworkClient","rgpd":"false","authentication":""},"message":"[Consumer clientId=consumer-ASF.PEAGE.BACKOFFICE.PARTAGE.RECOUVRABLE-5, groupId=ASF.PEAGE.BACKOFFICE.PARTAGE.RECOUVRABLE] Bootstrap broker localhost:9092 (id: -1 rack: null) disconnected","organization":{"service":{"id":"USR-SVC-001","application":"kafka-consumer-batch-service","version":"1.0.0"}}}
2026-02-25T10:18:13.878Z  WARN 14788 --- [kafka-consumer-batch-service] [hConsumer-1-C-1] [                                                 ] org.apache.kafka.clients.NetworkClient   : [Consumer clientId=consumer-ASF.PEAGE.BACKOFFICE.PARTAGE.RECOUVRABLE-3, groupId=ASF.PEAGE.BACKOFFICE.PARTAGE.RECOUVRABLE] Connection to node -1 (localhost/127.0.0.1:9092) could not be established. Node may not be available.
{"@timestamp":"2026-02-25T10:18:13.878134394Z","event":{"category":"web","kind":"event","outcome":"success","type":"access"},"correlation":{"id":"none","traceId":"none","spanId":"none"},"log":{"level":"WARN","logger":"org.apache.kafka.clients.NetworkClient","rgpd":"false","authentication":""},"message":"[Consumer clientId=consumer-ASF.PEAGE.BACKOFFICE.PARTAGE.RECOUVRABLE-3, groupId=ASF.PEAGE.BACKOFFICE.PARTAGE.RECOUVRABLE] Connection to node -1 (localhost/127.0.0.1:9092) could not be established. Node may not be available.","organization":{"service":{"id":"USR-SVC-001","application":"kafka-consumer-batch-service","version":"1.0.0"}}}
2026-02-25T10:18:13.878Z  WARN 14788 --- [kafka-consumer-batch-service] [hConsumer-1-C-1] [                                                 ] org.apache.kafka.clients.NetworkClient   : [Consumer clientId=consumer-ASF.PEAGE.BACKOFFICE.PARTAGE.RECOUVRABLE-3, groupId=ASF.PEAGE.BACKOFFICE.PARTAGE.RECOUVRABLE] Bootstrap broker localhost:9092 (id: -1 rack: null) disconnected
{"@timestamp":"2026-02-25T10:18:13.878416867Z","event":{"category":"web","kind":"event","outcome":"success","type":"access"},"correlation":{"id":"none","traceId":"none","spanId":"none"},"log":{"level":"WARN","logger":"org.apache.kafka.clients.NetworkClient","rgpd":"false","authentication":""},"message":"[Consumer clientId=consumer-ASF.PEAGE.BACKOFFICE.PARTAGE.RECOUVRABLE-3, groupId=ASF.PEAGE.BACKOFFICE.PARTAGE.RECOUVRABLE] Bootstrap broker localhost:9092 (id: -1 rack: null) disconnected","organization":{"service":{"id":"USR-SVC-001","application":"kafka-consumer-batch-service","version":"1.0.0"}}}
OpenJDK 64-Bit Server VM warning: Sharing is only supported for boot loader classes because bootstrap classpath has been appended
2026-02-25T10:18:13.953Z  WARN 14788 --- [kafka-consumer-batch-service] [tConsumer-0-C-1] [                                                 ] org.apache.kafka.clients.NetworkClient   : [Consumer clientId=consumer-ASF.PEAGE.BACKOFFICE.PARTAGE.RECOUVRABLE-dlt-1, groupId=ASF.PEAGE.BACKOFFICE.PARTAGE.RECOUVRABLE-dlt] Connection to node -1 (localhost/127.0.0.1:9092) could not be established. Node may not be available.
{"@timestamp":"2026-02-25T10:18:13.953966774Z","event":{"category":"web","kind":"event","outcome":"success","type":"access"},"correlation":{"id":"none","traceId":"none","spanId":"none"},"log":{"level":"WARN","logger":"org.apache.kafka.clients.NetworkClient","rgpd":"false","authentication":""},"message":"[Consumer clientId=consumer-ASF.PEAGE.BACKOFFICE.PARTAGE.RECOUVRABLE-dlt-1, groupId=ASF.PEAGE.BACKOFFICE.PARTAGE.RECOUVRABLE-dlt] Connection to node -1 (localhost/127.0.0.1:9092) could not be established. Node may not be available.","organization":{"service":{"id":"USR-SVC-001","application":"kafka-consumer-batch-service","version":"1.0.0"}}}
2026-02-25T10:18:13.954Z  WARN 14788 --- [kafka-consumer-batch-service] [tConsumer-0-C-1] [                                                 ] org.apache.kafka.clients.NetworkClient   : [Consumer clientId=consumer-ASF.PEAGE.BACKOFFICE.PARTAGE.RECOUVRABLE-dlt-1, groupId=ASF.PEAGE.BACKOFFICE.PARTAGE.RECOUVRABLE-dlt] Bootstrap broker localhost:9092 (id: -1 rack: null) disconnected
{"@timestamp":"2026-02-25T10:18:13.954570402Z","event":{"category":"web","kind":"event","outcome":"success","type":"access"},"correlation":{"id":"none","traceId":"none","spanId":"none"},"log":{"level":"WARN","logger":"org.apache.kafka.clients.NetworkClient","rgpd":"false","authentication":""},"message":"[Consumer clientId=consumer-ASF.PEAGE.BACKOFFICE.PARTAGE.RECOUVRABLE-dlt-1, groupId=ASF.PEAGE.BACKOFFICE.PARTAGE.RECOUVRABLE-dlt] Bootstrap broker localhost:9092 (id: -1 rack: null) disconnected","organization":{"service":{"id":"USR-SVC-001","application":"kafka-consumer-batch-service","version":"1.0.0"}}}
2026-02-25T10:18:13.956Z  WARN 14788 --- [kafka-consumer-batch-service] [hConsumer-5-C-1] [                                                 ] org.apache.kafka.clients.NetworkClient   : [Consumer clientId=consumer-ASF.PEAGE.BACKOFFICE.PARTAGE.RECOUVRABLE-7, groupId=ASF.PEAGE.BACKOFFICE.PARTAGE.RECOUVRABLE] Connection to node -1 (localhost/127.0.0.1:9092) could not be established. Node may not be available.
{"@timestamp":"2026-02-25T10:18:13.956733339Z","event":{"category":"web","kind":"event","outcome":"success","type":"access"},"correlation":{"id":"none","traceId":"none","spanId":"none"},"log":{"level":"WARN","logger":"org.apache.kafka.clients.NetworkClient","rgpd":"false","authentication":""},"message":"[Consumer clientId=consumer-ASF.PEAGE.BACKOFFICE.PARTAGE.RECOUVRABLE-7, groupId=ASF.PEAGE.BACKOFFICE.PARTAGE.RECOUVRABLE] Connection to node -1 (localhost/127.0.0.1:9092) could not be established. Node may not be available.","organization":{"service":{"id":"USR-SVC-001","application":"kafka-consumer-batch-service","version":"1.0.0"}}}
2026-02-25T10:18:13.957Z  WARN 14788 --- [kafka-consumer-batch-service] [hConsumer-5-C-1] [                                                 ] org.apache.kafka.clients.NetworkClient   : [Consumer clientId=consumer-ASF.PEAGE.BACKOFFICE.PARTAGE.RECOUVRABLE-7, groupId=ASF.PEAGE.BACKOFFICE.PARTAGE.RECOUVRABLE] Bootstrap broker localhost:9092 (id: -1 rack: null) disconnected
{"@timestamp":"2026-02-25T10:18:13.957102492Z","event":{"category":"web","kind":"event","outcome":"success","type":"access"},"correlation":{"id":"none","traceId":"none","spanId":"none"},"log":{"level":"WARN","logger":"org.apache.kafka.clients.NetworkClient","rgpd":"false","authentication":""},"message":"[Consumer clientId=consumer-ASF.PEAGE.BACKOFFICE.PARTAGE.RECOUVRABLE-7, groupId=ASF.PEAGE.BACKOFFICE.PARTAGE.RECOUVRABLE] Bootstrap broker localhost:9092 (id: -1 rack: null) disconnected","organization":{"service":{"id":"USR-SVC-001","application":"kafka-consumer-batch-service","version":"1.0.0"}}}
2026-02-25T10:18:13.966Z  WARN 14788 --- [kafka-consumer-batch-service] [hConsumer-2-C-1] [                                                 ] org.apache.kafka.clients.NetworkClient   : [Consumer clientId=consumer-ASF.PEAGE.BACKOFFICE.PARTAGE.RECOUVRABLE-4, groupId=ASF.PEAGE.BACKOFFICE.PARTAGE.RECOUVRABLE] Connection to node -1 (localhost/127.0.0.1:9092) could not be established. Node may not be available.
{"@timestamp":"2026-02-25T10:18:13.966515629Z","event":{"category":"web","kind":"event","outcome":"success","type":"access"},"correlation":{"id":"none","traceId":"none","spanId":"none"},"log":{"level":"WARN","logger":"org.apache.kafka.clients.NetworkClient","rgpd":"false","authentication":""},"message":"[Consumer clientId=consumer-ASF.PEAGE.BACKOFFICE.PARTAGE.RECOUVRABLE-4, groupId=ASF.PEAGE.BACKOFFICE.PARTAGE.RECOUVRABLE] Connection to node -1 (localhost/127.0.0.1:9092) could not be established. Node may not be available.","organization":{"service":{"id":"USR-SVC-001","application":"kafka-consumer-batch-service","version":"1.0.0"}}}
2026-02-25T10:18:13.967Z  WARN 14788 --- [kafka-consumer-batch-service] [hConsumer-2-C-1] [                                                 ] org.apache.kafka.clients.NetworkClient   : [Consumer clientId=consumer-ASF.PEAGE.BACKOFFICE.PARTAGE.RECOUVRABLE-4, groupId=ASF.PEAGE.BACKOFFICE.PARTAGE.RECOUVRABLE] Bootstrap broker localhost:9092 (id: -1 rack: null) disconnected
{"@timestamp":"2026-02-25T10:18:13.967000823Z","event":{"category":"web","kind":"event","outcome":"success","type":"access"},"correlation":{"id":"none","traceId":"none","spanId":"none"},"log":{"level":"WARN","logger":"org.apache.kafka.clients.NetworkClient","rgpd":"false","authentication":""},"message":"[Consumer clientId=consumer-ASF.PEAGE.BACKOFFICE.PARTAGE.RECOUVRABLE-4, groupId=ASF.PEAGE.BACKOFFICE.PARTAGE.RECOUVRABLE] Bootstrap broker localhost:9092 (id: -1 rack: null) disconnected","organization":{"service":{"id":"USR-SVC-001","application":"kafka-consumer-batch-service","version":"1.0.0"}}}
2026-02-25T10:18:13.974Z  WARN 14788 --- [kafka-consumer-batch-service] [hConsumer-0-C-1] [                                                 ] org.apache.kafka.clients.NetworkClient   : [Consumer clientId=consumer-ASF.PEAGE.BACKOFFICE.PARTAGE.RECOUVRABLE-2, groupId=ASF.PEAGE.BACKOFFICE.PARTAGE.RECOUVRABLE] Connection to node -1 (localhost/127.0.0.1:9092) could not be established. Node may not be available.
{"@timestamp":"2026-02-25T10:18:13.974445391Z","event":{"category":"web","kind":"event","outcome":"success","type":"access"},"correlation":{"id":"none","traceId":"none","spanId":"none"},"log":{"level":"WARN","logger":"org.apache.kafka.clients.NetworkClient","rgpd":"false","authentication":""},"message":"[Consumer clientId=consumer-ASF.PEAGE.BACKOFFICE.PARTAGE.RECOUVRABLE-2, groupId=ASF.PEAGE.BACKOFFICE.PARTAGE.RECOUVRABLE] Connection to node -1 (localhost/127.0.0.1:9092) could not be established. Node may not be available.","organization":{"service":{"id":"USR-SVC-001","application":"kafka-consumer-batch-service","version":"1.0.0"}}}
2026-02-25T10:18:13.974Z  WARN 14788 --- [kafka-consumer-batch-service] [hConsumer-0-C-1] [                                                 ] org.apache.kafka.clients.NetworkClient   : [Consumer clientId=consumer-ASF.PEAGE.BACKOFFICE.PARTAGE.RECOUVRABLE-2, groupId=ASF.PEAGE.BACKOFFICE.PARTAGE.RECOUVRABLE] Bootstrap broker localhost:9092 (id: -1 rack: null) disconnected
{"@timestamp":"2026-02-25T10:18:13.974994046Z","event":{"category":"web","kind":"event","outcome":"success","type":"access"},"correlation":{"id":"none","traceId":"none","spanId":"none"},"log":{"level":"WARN","logger":"org.apache.kafka.clients.NetworkClient","rgpd":"false","authentication":""},"message":"[Consumer clientId=consumer-ASF.PEAGE.BACKOFFICE.PARTAGE.RECOUVRABLE-2, groupId=ASF.PEAGE.BACKOFFICE.PARTAGE.RECOUVRABLE] Bootstrap broker localhost:9092 (id: -1 rack: null) disconnected","organization":{"service":{"id":"USR-SVC-001","application":"kafka-consumer-batch-service","version":"1.0.0"}}}
2026-02-25T10:18:13.981Z  WARN 14788 --- [kafka-consumer-batch-service] [hConsumer-1-C-1] [                                                 ] org.apache.kafka.clients.NetworkClient   : [Consumer clientId=consumer-ASF.PEAGE.BACKOFFICE.PARTAGE.RECOUVRABLE-3, groupId=ASF.PEAGE.BACKOFFICE.PARTAGE.RECOUVRABLE] Connection to node -1 (localhost/127.0.0.1:9092) could not be established. Node may not be available.
{"@timestamp":"2026-02-25T10:18:13.981860871Z","event":{"category":"web","kind":"event","outcome":"success","type":"access"},"correlation":{"id":"none","traceId":"none","spanId":"none"},"log":{"level":"WARN","logger":"org.apache.kafka.clients.NetworkClient","rgpd":"false","authentication":""},"message":"[Consumer clientId=consumer-ASF.PEAGE.BACKOFFICE.PARTAGE.RECOUVRABLE-3, groupId=ASF.PEAGE.BACKOFFICE.PARTAGE.RECOUVRABLE] Connection to node -1 (localhost/127.0.0.1:9092) could not be established. Node may not be available.","organization":{"service":{"id":"USR-SVC-001","application":"kafka-consumer-batch-service","version":"1.0.0"}}}
2026-02-25T10:18:13.982Z  WARN 14788 --- [kafka-consumer-batch-service] [hConsumer-1-C-1] [                                                 ] org.apache.kafka.clients.NetworkClient   : [Consumer clientId=consumer-ASF.PEAGE.BACKOFFICE.PARTAGE.RECOUVRABLE-3, groupId=ASF.PEAGE.BACKOFFICE.PARTAGE.RECOUVRABLE] Bootstrap broker localhost:9092 (id: -1 rack: null) disconnected
{"@timestamp":"2026-02-25T10:18:13.982456642Z","event":{"category":"web","kind":"event","outcome":"success","type":"access"},"correlation":{"id":"none","traceId":"none","spanId":"none"},"log":{"level":"WARN","logger":"org.apache.kafka.clients.NetworkClient","rgpd":"false","authentication":""},"message":"[Consumer clientId=consumer-ASF.PEAGE.BACKOFFICE.PARTAGE.RECOUVRABLE-3, groupId=ASF.PEAGE.BACKOFFICE.PARTAGE.RECOUVRABLE] Bootstrap broker localhost:9092 (id: -1 rack: null) disconnected","organization":{"service":{"id":"USR-SVC-001","application":"kafka-consumer-batch-service","version":"1.0.0"}}}
WARNING: A Java agent has been loaded dynamically (/home/jules/.m2/repository/net/bytebuddy/byte-buddy-agent/1.17.8/byte-buddy-agent-1.17.8.jar)
WARNING: If a serviceability tool is in use, please run with -XX:+EnableDynamicAgentLoading to hide this warning
WARNING: If a serviceability tool is not in use, please run with -Djdk.instrument.traceUsage for more information
WARNING: Dynamic loading of agents will be disallowed by default in a future release
2026-02-25T10:18:14.006Z  WARN 14788 --- [kafka-consumer-batch-service] [hConsumer-4-C-1] [                                                 ] org.apache.kafka.clients.NetworkClient   : [Consumer clientId=consumer-ASF.PEAGE.BACKOFFICE.PARTAGE.RECOUVRABLE-6, groupId=ASF.PEAGE.BACKOFFICE.PARTAGE.RECOUVRABLE] Connection to node -1 (localhost/127.0.0.1:9092) could not be established. Node may not be available.
{"@timestamp":"2026-02-25T10:18:14.006693281Z","event":{"category":"web","kind":"event","outcome":"success","type":"access"},"correlation":{"id":"none","traceId":"none","spanId":"none"},"log":{"level":"WARN","logger":"org.apache.kafka.clients.NetworkClient","rgpd":"false","authentication":""},"message":"[Consumer clientId=consumer-ASF.PEAGE.BACKOFFICE.PARTAGE.RECOUVRABLE-6, groupId=ASF.PEAGE.BACKOFFICE.PARTAGE.RECOUVRABLE] Connection to node -1 (localhost/127.0.0.1:9092) could not be established. Node may not be available.","organization":{"service":{"id":"USR-SVC-001","application":"kafka-consumer-batch-service","version":"1.0.0"}}}
2026-02-25T10:18:14.007Z  WARN 14788 --- [kafka-consumer-batch-service] [hConsumer-4-C-1] [                                                 ] org.apache.kafka.clients.NetworkClient   : [Consumer clientId=consumer-ASF.PEAGE.BACKOFFICE.PARTAGE.RECOUVRABLE-6, groupId=ASF.PEAGE.BACKOFFICE.PARTAGE.RECOUVRABLE] Bootstrap broker localhost:9092 (id: -1 rack: null) disconnected
{"@timestamp":"2026-02-25T10:18:14.007188128Z","event":{"category":"web","kind":"event","outcome":"success","type":"access"},"correlation":{"id":"none","traceId":"none","spanId":"none"},"log":{"level":"WARN","logger":"org.apache.kafka.clients.NetworkClient","rgpd":"false","authentication":""},"message":"[Consumer clientId=consumer-ASF.PEAGE.BACKOFFICE.PARTAGE.RECOUVRABLE-6, groupId=ASF.PEAGE.BACKOFFICE.PARTAGE.RECOUVRABLE] Bootstrap broker localhost:9092 (id: -1 rack: null) disconnected","organization":{"service":{"id":"USR-SVC-001","application":"kafka-consumer-batch-service","version":"1.0.0"}}}
2026-02-25T10:18:14.029Z  WARN 14788 --- [kafka-consumer-batch-service] [hConsumer-3-C-1] [                                                 ] org.apache.kafka.clients.NetworkClient   : [Consumer clientId=consumer-ASF.PEAGE.BACKOFFICE.PARTAGE.RECOUVRABLE-5, groupId=ASF.PEAGE.BACKOFFICE.PARTAGE.RECOUVRABLE] Connection to node -1 (localhost/127.0.0.1:9092) could not be established. Node may not be available.
{"@timestamp":"2026-02-25T10:18:14.029364272Z","event":{"category":"web","kind":"event","outcome":"success","type":"access"},"correlation":{"id":"none","traceId":"none","spanId":"none"},"log":{"level":"WARN","logger":"org.apache.kafka.clients.NetworkClient","rgpd":"false","authentication":""},"message":"[Consumer clientId=consumer-ASF.PEAGE.BACKOFFICE.PARTAGE.RECOUVRABLE-5, groupId=ASF.PEAGE.BACKOFFICE.PARTAGE.RECOUVRABLE] Connection to node -1 (localhost/127.0.0.1:9092) could not be established. Node may not be available.","organization":{"service":{"id":"USR-SVC-001","application":"kafka-consumer-batch-service","version":"1.0.0"}}}
2026-02-25T10:18:14.029Z  WARN 14788 --- [kafka-consumer-batch-service] [hConsumer-3-C-1] [                                                 ] org.apache.kafka.clients.NetworkClient   : [Consumer clientId=consumer-ASF.PEAGE.BACKOFFICE.PARTAGE.RECOUVRABLE-5, groupId=ASF.PEAGE.BACKOFFICE.PARTAGE.RECOUVRABLE] Bootstrap broker localhost:9092 (id: -1 rack: null) disconnected
{"@timestamp":"2026-02-25T10:18:14.029852124Z","event":{"category":"web","kind":"event","outcome":"success","type":"access"},"correlation":{"id":"none","traceId":"none","spanId":"none"},"log":{"level":"WARN","logger":"org.apache.kafka.clients.NetworkClient","rgpd":"false","authentication":""},"message":"[Consumer clientId=consumer-ASF.PEAGE.BACKOFFICE.PARTAGE.RECOUVRABLE-5, groupId=ASF.PEAGE.BACKOFFICE.PARTAGE.RECOUVRABLE] Bootstrap broker localhost:9092 (id: -1 rack: null) disconnected","organization":{"service":{"id":"USR-SVC-001","application":"kafka-consumer-batch-service","version":"1.0.0"}}}
2026-02-25T10:18:14.160Z  WARN 14788 --- [kafka-consumer-batch-service] [tConsumer-0-C-1] [                                                 ] org.apache.kafka.clients.NetworkClient   : [Consumer clientId=consumer-ASF.PEAGE.BACKOFFICE.PARTAGE.RECOUVRABLE-dlt-1, groupId=ASF.PEAGE.BACKOFFICE.PARTAGE.RECOUVRABLE-dlt] Connection to node -1 (localhost/127.0.0.1:9092) could not be established. Node may not be available.
{"@timestamp":"2026-02-25T10:18:14.160415959Z","event":{"category":"web","kind":"event","outcome":"success","type":"access"},"correlation":{"id":"none","traceId":"none","spanId":"none"},"log":{"level":"WARN","logger":"org.apache.kafka.clients.NetworkClient","rgpd":"false","authentication":""},"message":"[Consumer clientId=consumer-ASF.PEAGE.BACKOFFICE.PARTAGE.RECOUVRABLE-dlt-1, groupId=ASF.PEAGE.BACKOFFICE.PARTAGE.RECOUVRABLE-dlt] Connection to node -1 (localhost/127.0.0.1:9092) could not be established. Node may not be available.","organization":{"service":{"id":"USR-SVC-001","application":"kafka-consumer-batch-service","version":"1.0.0"}}}
2026-02-25T10:18:14.162Z  WARN 14788 --- [kafka-consumer-batch-service] [tConsumer-0-C-1] [                                                 ] org.apache.kafka.clients.NetworkClient   : [Consumer clientId=consumer-ASF.PEAGE.BACKOFFICE.PARTAGE.RECOUVRABLE-dlt-1, groupId=ASF.PEAGE.BACKOFFICE.PARTAGE.RECOUVRABLE-dlt] Bootstrap broker localhost:9092 (id: -1 rack: null) disconnected
{"@timestamp":"2026-02-25T10:18:14.162139418Z","event":{"category":"web","kind":"event","outcome":"success","type":"access"},"correlation":{"id":"none","traceId":"none","spanId":"none"},"log":{"level":"WARN","logger":"org.apache.kafka.clients.NetworkClient","rgpd":"false","authentication":""},"message":"[Consumer clientId=consumer-ASF.PEAGE.BACKOFFICE.PARTAGE.RECOUVRABLE-dlt-1, groupId=ASF.PEAGE.BACKOFFICE.PARTAGE.RECOUVRABLE-dlt] Bootstrap broker localhost:9092 (id: -1 rack: null) disconnected","organization":{"service":{"id":"USR-SVC-001","application":"kafka-consumer-batch-service","version":"1.0.0"}}}
2026-02-25T10:18:14.150Z  WARN 14788 --- [kafka-consumer-batch-service] [hConsumer-5-C-1] [                                                 ] org.apache.kafka.clients.NetworkClient   : [Consumer clientId=consumer-ASF.PEAGE.BACKOFFICE.PARTAGE.RECOUVRABLE-7, groupId=ASF.PEAGE.BACKOFFICE.PARTAGE.RECOUVRABLE] Connection to node -1 (localhost/127.0.0.1:9092) could not be established. Node may not be available.
{"@timestamp":"2026-02-25T10:18:14.15005192Z","event":{"category":"web","kind":"event","outcome":"success","type":"access"},"correlation":{"id":"none","traceId":"none","spanId":"none"},"log":{"level":"WARN","logger":"org.apache.kafka.clients.NetworkClient","rgpd":"false","authentication":""},"message":"[Consumer clientId=consumer-ASF.PEAGE.BACKOFFICE.PARTAGE.RECOUVRABLE-7, groupId=ASF.PEAGE.BACKOFFICE.PARTAGE.RECOUVRABLE] Connection to node -1 (localhost/127.0.0.1:9092) could not be established. Node may not be available.","organization":{"service":{"id":"USR-SVC-001","application":"kafka-consumer-batch-service","version":"1.0.0"}}}
2026-02-25T10:18:14.164Z  WARN 14788 --- [kafka-consumer-batch-service] [hConsumer-5-C-1] [                                                 ] org.apache.kafka.clients.NetworkClient   : [Consumer clientId=consumer-ASF.PEAGE.BACKOFFICE.PARTAGE.RECOUVRABLE-7, groupId=ASF.PEAGE.BACKOFFICE.PARTAGE.RECOUVRABLE] Bootstrap broker localhost:9092 (id: -1 rack: null) disconnected
{"@timestamp":"2026-02-25T10:18:14.164098462Z","event":{"category":"web","kind":"event","outcome":"success","type":"access"},"correlation":{"id":"none","traceId":"none","spanId":"none"},"log":{"level":"WARN","logger":"org.apache.kafka.clients.NetworkClient","rgpd":"false","authentication":""},"message":"[Consumer clientId=consumer-ASF.PEAGE.BACKOFFICE.PARTAGE.RECOUVRABLE-7, groupId=ASF.PEAGE.BACKOFFICE.PARTAGE.RECOUVRABLE] Bootstrap broker localhost:9092 (id: -1 rack: null) disconnected","organization":{"service":{"id":"USR-SVC-001","application":"kafka-consumer-batch-service","version":"1.0.0"}}}
2026-02-25T10:18:14.173Z  WARN 14788 --- [kafka-consumer-batch-service] [hConsumer-0-C-1] [                                                 ] org.apache.kafka.clients.NetworkClient   : [Consumer clientId=consumer-ASF.PEAGE.BACKOFFICE.PARTAGE.RECOUVRABLE-2, groupId=ASF.PEAGE.BACKOFFICE.PARTAGE.RECOUVRABLE] Connection to node -1 (localhost/127.0.0.1:9092) could not be established. Node may not be available.
{"@timestamp":"2026-02-25T10:18:14.173733867Z","event":{"category":"web","kind":"event","outcome":"success","type":"access"},"correlation":{"id":"none","traceId":"none","spanId":"none"},"log":{"level":"WARN","logger":"org.apache.kafka.clients.NetworkClient","rgpd":"false","authentication":""},"message":"[Consumer clientId=consumer-ASF.PEAGE.BACKOFFICE.PARTAGE.RECOUVRABLE-2, groupId=ASF.PEAGE.BACKOFFICE.PARTAGE.RECOUVRABLE] Connection to node -1 (localhost/127.0.0.1:9092) could not be established. Node may not be available.","organization":{"service":{"id":"USR-SVC-001","application":"kafka-consumer-batch-service","version":"1.0.0"}}}
2026-02-25T10:18:14.174Z  WARN 14788 --- [kafka-consumer-batch-service] [hConsumer-0-C-1] [                                                 ] org.apache.kafka.clients.NetworkClient   : [Consumer clientId=consumer-ASF.PEAGE.BACKOFFICE.PARTAGE.RECOUVRABLE-2, groupId=ASF.PEAGE.BACKOFFICE.PARTAGE.RECOUVRABLE] Bootstrap broker localhost:9092 (id: -1 rack: null) disconnected
{"@timestamp":"2026-02-25T10:18:14.174599773Z","event":{"category":"web","kind":"event","outcome":"success","type":"access"},"correlation":{"id":"none","traceId":"none","spanId":"none"},"log":{"level":"WARN","logger":"org.apache.kafka.clients.NetworkClient","rgpd":"false","authentication":""},"message":"[Consumer clientId=consumer-ASF.PEAGE.BACKOFFICE.PARTAGE.RECOUVRABLE-2, groupId=ASF.PEAGE.BACKOFFICE.PARTAGE.RECOUVRABLE] Bootstrap broker localhost:9092 (id: -1 rack: null) disconnected","organization":{"service":{"id":"USR-SVC-001","application":"kafka-consumer-batch-service","version":"1.0.0"}}}
2026-02-25T10:18:14.184Z  WARN 14788 --- [kafka-consumer-batch-service] [hConsumer-2-C-1] [                                                 ] org.apache.kafka.clients.NetworkClient   : [Consumer clientId=consumer-ASF.PEAGE.BACKOFFICE.PARTAGE.RECOUVRABLE-4, groupId=ASF.PEAGE.BACKOFFICE.PARTAGE.RECOUVRABLE] Connection to node -1 (localhost/127.0.0.1:9092) could not be established. Node may not be available.
{"@timestamp":"2026-02-25T10:18:14.18479908Z","event":{"category":"web","kind":"event","outcome":"success","type":"access"},"correlation":{"id":"none","traceId":"none","spanId":"none"},"log":{"level":"WARN","logger":"org.apache.kafka.clients.NetworkClient","rgpd":"false","authentication":""},"message":"[Consumer clientId=consumer-ASF.PEAGE.BACKOFFICE.PARTAGE.RECOUVRABLE-4, groupId=ASF.PEAGE.BACKOFFICE.PARTAGE.RECOUVRABLE] Connection to node -1 (localhost/127.0.0.1:9092) could not be established. Node may not be available.","organization":{"service":{"id":"USR-SVC-001","application":"kafka-consumer-batch-service","version":"1.0.0"}}}
2026-02-25T10:18:14.185Z  WARN 14788 --- [kafka-consumer-batch-service] [hConsumer-2-C-1] [                                                 ] org.apache.kafka.clients.NetworkClient   : [Consumer clientId=consumer-ASF.PEAGE.BACKOFFICE.PARTAGE.RECOUVRABLE-4, groupId=ASF.PEAGE.BACKOFFICE.PARTAGE.RECOUVRABLE] Bootstrap broker localhost:9092 (id: -1 rack: null) disconnected
{"@timestamp":"2026-02-25T10:18:14.185196201Z","event":{"category":"web","kind":"event","outcome":"success","type":"access"},"correlation":{"id":"none","traceId":"none","spanId":"none"},"log":{"level":"WARN","logger":"org.apache.kafka.clients.NetworkClient","rgpd":"false","authentication":""},"message":"[Consumer clientId=consumer-ASF.PEAGE.BACKOFFICE.PARTAGE.RECOUVRABLE-4, groupId=ASF.PEAGE.BACKOFFICE.PARTAGE.RECOUVRABLE] Bootstrap broker localhost:9092 (id: -1 rack: null) disconnected","organization":{"service":{"id":"USR-SVC-001","application":"kafka-consumer-batch-service","version":"1.0.0"}}}
2026-02-25T10:18:14.205Z  WARN 14788 --- [kafka-consumer-batch-service] [hConsumer-3-C-1] [                                                 ] org.apache.kafka.clients.NetworkClient   : [Consumer clientId=consumer-ASF.PEAGE.BACKOFFICE.PARTAGE.RECOUVRABLE-5, groupId=ASF.PEAGE.BACKOFFICE.PARTAGE.RECOUVRABLE] Connection to node -1 (localhost/127.0.0.1:9092) could not be established. Node may not be available.
{"@timestamp":"2026-02-25T10:18:14.20561169Z","event":{"category":"web","kind":"event","outcome":"success","type":"access"},"correlation":{"id":"none","traceId":"none","spanId":"none"},"log":{"level":"WARN","logger":"org.apache.kafka.clients.NetworkClient","rgpd":"false","authentication":""},"message":"[Consumer clientId=consumer-ASF.PEAGE.BACKOFFICE.PARTAGE.RECOUVRABLE-5, groupId=ASF.PEAGE.BACKOFFICE.PARTAGE.RECOUVRABLE] Connection to node -1 (localhost/127.0.0.1:9092) could not be established. Node may not be available.","organization":{"service":{"id":"USR-SVC-001","application":"kafka-consumer-batch-service","version":"1.0.0"}}}
2026-02-25T10:18:14.206Z  WARN 14788 --- [kafka-consumer-batch-service] [hConsumer-3-C-1] [                                                 ] org.apache.kafka.clients.NetworkClient   : [Consumer clientId=consumer-ASF.PEAGE.BACKOFFICE.PARTAGE.RECOUVRABLE-5, groupId=ASF.PEAGE.BACKOFFICE.PARTAGE.RECOUVRABLE] Bootstrap broker localhost:9092 (id: -1 rack: null) disconnected
{"@timestamp":"2026-02-25T10:18:14.206049871Z","event":{"category":"web","kind":"event","outcome":"success","type":"access"},"correlation":{"id":"none","traceId":"none","spanId":"none"},"log":{"level":"WARN","logger":"org.apache.kafka.clients.NetworkClient","rgpd":"false","authentication":""},"message":"[Consumer clientId=consumer-ASF.PEAGE.BACKOFFICE.PARTAGE.RECOUVRABLE-5, groupId=ASF.PEAGE.BACKOFFICE.PARTAGE.RECOUVRABLE] Bootstrap broker localhost:9092 (id: -1 rack: null) disconnected","organization":{"service":{"id":"USR-SVC-001","application":"kafka-consumer-batch-service","version":"1.0.0"}}}
2026-02-25T10:18:14.206Z  WARN 14788 --- [kafka-consumer-batch-service] [hConsumer-1-C-1] [                                                 ] org.apache.kafka.clients.NetworkClient   : [Consumer clientId=consumer-ASF.PEAGE.BACKOFFICE.PARTAGE.RECOUVRABLE-3, groupId=ASF.PEAGE.BACKOFFICE.PARTAGE.RECOUVRABLE] Connection to node -1 (localhost/127.0.0.1:9092) could not be established. Node may not be available.
{"@timestamp":"2026-02-25T10:18:14.206306889Z","event":{"category":"web","kind":"event","outcome":"success","type":"access"},"correlation":{"id":"none","traceId":"none","spanId":"none"},"log":{"level":"WARN","logger":"org.apache.kafka.clients.NetworkClient","rgpd":"false","authentication":""},"message":"[Consumer clientId=consumer-ASF.PEAGE.BACKOFFICE.PARTAGE.RECOUVRABLE-3, groupId=ASF.PEAGE.BACKOFFICE.PARTAGE.RECOUVRABLE] Connection to node -1 (localhost/127.0.0.1:9092) could not be established. Node may not be available.","organization":{"service":{"id":"USR-SVC-001","application":"kafka-consumer-batch-service","version":"1.0.0"}}}
2026-02-25T10:18:14.206Z  WARN 14788 --- [kafka-consumer-batch-service] [hConsumer-1-C-1] [                                                 ] org.apache.kafka.clients.NetworkClient   : [Consumer clientId=consumer-ASF.PEAGE.BACKOFFICE.PARTAGE.RECOUVRABLE-3, groupId=ASF.PEAGE.BACKOFFICE.PARTAGE.RECOUVRABLE] Bootstrap broker localhost:9092 (id: -1 rack: null) disconnected
{"@timestamp":"2026-02-25T10:18:14.206607323Z","event":{"category":"web","kind":"event","outcome":"success","type":"access"},"correlation":{"id":"none","traceId":"none","spanId":"none"},"log":{"level":"WARN","logger":"org.apache.kafka.clients.NetworkClient","rgpd":"false","authentication":""},"message":"[Consumer clientId=consumer-ASF.PEAGE.BACKOFFICE.PARTAGE.RECOUVRABLE-3, groupId=ASF.PEAGE.BACKOFFICE.PARTAGE.RECOUVRABLE] Bootstrap broker localhost:9092 (id: -1 rack: null) disconnected","organization":{"service":{"id":"USR-SVC-001","application":"kafka-consumer-batch-service","version":"1.0.0"}}}
2026-02-25T10:18:14.210Z  WARN 14788 --- [kafka-consumer-batch-service] [hConsumer-4-C-1] [                                                 ] org.apache.kafka.clients.NetworkClient   : [Consumer clientId=consumer-ASF.PEAGE.BACKOFFICE.PARTAGE.RECOUVRABLE-6, groupId=ASF.PEAGE.BACKOFFICE.PARTAGE.RECOUVRABLE] Connection to node -1 (localhost/127.0.0.1:9092) could not be established. Node may not be available.
{"@timestamp":"2026-02-25T10:18:14.210441771Z","event":{"category":"web","kind":"event","outcome":"success","type":"access"},"correlation":{"id":"none","traceId":"none","spanId":"none"},"log":{"level":"WARN","logger":"org.apache.kafka.clients.NetworkClient","rgpd":"false","authentication":""},"message":"[Consumer clientId=consumer-ASF.PEAGE.BACKOFFICE.PARTAGE.RECOUVRABLE-6, groupId=ASF.PEAGE.BACKOFFICE.PARTAGE.RECOUVRABLE] Connection to node -1 (localhost/127.0.0.1:9092) could not be established. Node may not be available.","organization":{"service":{"id":"USR-SVC-001","application":"kafka-consumer-batch-service","version":"1.0.0"}}}
2026-02-25T10:18:14.210Z  WARN 14788 --- [kafka-consumer-batch-service] [hConsumer-4-C-1] [                                                 ] org.apache.kafka.clients.NetworkClient   : [Consumer clientId=consumer-ASF.PEAGE.BACKOFFICE.PARTAGE.RECOUVRABLE-6, groupId=ASF.PEAGE.BACKOFFICE.PARTAGE.RECOUVRABLE] Bootstrap broker localhost:9092 (id: -1 rack: null) disconnected
{"@timestamp":"2026-02-25T10:18:14.210895484Z","event":{"category":"web","kind":"event","outcome":"success","type":"access"},"correlation":{"id":"none","traceId":"none","spanId":"none"},"log":{"level":"WARN","logger":"org.apache.kafka.clients.NetworkClient","rgpd":"false","authentication":""},"message":"[Consumer clientId=consumer-ASF.PEAGE.BACKOFFICE.PARTAGE.RECOUVRABLE-6, groupId=ASF.PEAGE.BACKOFFICE.PARTAGE.RECOUVRABLE] Bootstrap broker localhost:9092 (id: -1 rack: null) disconnected","organization":{"service":{"id":"USR-SVC-001","application":"kafka-consumer-batch-service","version":"1.0.0"}}}
2026-02-25T10:18:14.338Z  WARN 14788 --- [kafka-consumer-batch-service] [           main] [b523e45054f5f6d6f40ad74176fa2f4f-ca8958a045bda993] ration$PageModule$WarningLoggingModifier : Serializing PageImpl instances as-is is not supported, meaning that there is no guarantee about the stability of the resulting JSON structure!
	For a stable JSON structure, please use Spring Data's PagedModel (globally via @EnableSpringDataWebSupport(pageSerializationMode = VIA_DTO))
	or Spring HATEOAS and Spring Data's PagedResourcesAssembler as documented in https://docs.spring.io/spring-data/commons/reference/repositories/core-extensions.html#core.web.pageables.

{"@timestamp":"2026-02-25T10:18:14.33883538Z","traceId":"b523e45054f5f6d6f40ad74176fa2f4f","spanId":"ca8958a045bda993","eventCategory":"web","eventOutcome":"success","correlationId":"09342bc5-5ecd-4ee7-9e84-d72fe6955ef6","eventType":"access","rgpd":"false","event":{"category":"web","kind":"event","outcome":"success","type":"access"},"correlation":{"id":"09342bc5-5ecd-4ee7-9e84-d72fe6955ef6","traceId":"b523e45054f5f6d6f40ad74176fa2f4f","spanId":"ca8958a045bda993"},"log":{"level":"WARN","logger":"org.springframework.data.web.config.SpringDataJacksonConfiguration$PageModule$WarningLoggingModifier","rgpd":"false","authentication":""},"message":"Serializing PageImpl instances as-is is not supported, meaning that there is no guarantee about the stability of the resulting JSON structure!\n\tFor a stable JSON structure, please use Spring Data's PagedModel (globally via @EnableSpringDataWebSupport(pageSerializationMode = VIA_DTO))\n\tor Spring HATEOAS and Spring Data's PagedResourcesAssembler as documented in https://docs.spring.io/spring-data/commons/reference/repositories/core-extensions.html#core.web.pageables.\n","organization":{"service":{"id":"USR-SVC-001","application":"kafka-consumer-batch-service","version":"1.0.0"}}}
[INFO] Tests run: 1, Failures: 0, Errors: 0, Skipped: 0, Time elapsed: 13.20 s -- in com.vaut.TracingIntegrationTest
2026-02-25T10:18:14.533Z  WARN 14788 --- [kafka-consumer-batch-service] [| adminclient-1] [                                                 ] org.apache.kafka.clients.NetworkClient   : [AdminClient clientId=adminclient-1] Connection to node -1 (localhost/127.0.0.1:9092) could not be established. Node may not be available.
{"@timestamp":"2026-02-25T10:18:14.5334828Z","event":{"category":"web","kind":"event","outcome":"success","type":"access"},"correlation":{"id":"none","traceId":"none","spanId":"none"},"log":{"level":"WARN","logger":"org.apache.kafka.clients.NetworkClient","rgpd":"false","authentication":""},"message":"[AdminClient clientId=adminclient-1] Connection to node -1 (localhost/127.0.0.1:9092) could not be established. Node may not be available.","organization":{"service":{"id":"USR-SVC-001","application":"kafka-consumer-batch-service","version":"1.0.0"}}}
2026-02-25T10:18:14.537Z  INFO 14788 --- [kafka-consumer-batch-service] [hConsumer-1-C-1] [                                                 ] o.s.k.l.KafkaMessageListenerContainer    : ASF.PEAGE.BACKOFFICE.PARTAGE.RECOUVRABLE: Consumer stopped
{"@timestamp":"2026-02-25T10:18:14.537146182Z","event":{"category":"web","kind":"event","outcome":"success","type":"access"},"correlation":{"id":"none","traceId":"none","spanId":"none"},"log":{"level":"INFO","logger":"org.springframework.kafka.listener.KafkaMessageListenerContainer","rgpd":"false","authentication":""},"message":"ASF.PEAGE.BACKOFFICE.PARTAGE.RECOUVRABLE: Consumer stopped","organization":{"service":{"id":"USR-SVC-001","application":"kafka-consumer-batch-service","version":"1.0.0"}}}
2026-02-25T10:18:14.542Z  INFO 14788 --- [kafka-consumer-batch-service] [hConsumer-5-C-1] [                                                 ] o.s.k.l.KafkaMessageListenerContainer    : ASF.PEAGE.BACKOFFICE.PARTAGE.RECOUVRABLE: Consumer stopped
{"@timestamp":"2026-02-25T10:18:14.542972689Z","event":{"category":"web","kind":"event","outcome":"success","type":"access"},"correlation":{"id":"none","traceId":"none","spanId":"none"},"log":{"level":"INFO","logger":"org.springframework.kafka.listener.KafkaMessageListenerContainer","rgpd":"false","authentication":""},"message":"ASF.PEAGE.BACKOFFICE.PARTAGE.RECOUVRABLE: Consumer stopped","organization":{"service":{"id":"USR-SVC-001","application":"kafka-consumer-batch-service","version":"1.0.0"}}}
2026-02-25T10:18:14.545Z  INFO 14788 --- [kafka-consumer-batch-service] [tConsumer-0-C-1] [                                                 ] o.s.k.l.KafkaMessageListenerContainer    : ASF.PEAGE.BACKOFFICE.PARTAGE.RECOUVRABLE-dlt: Consumer stopped
{"@timestamp":"2026-02-25T10:18:14.545888531Z","event":{"category":"web","kind":"event","outcome":"success","type":"access"},"correlation":{"id":"none","traceId":"none","spanId":"none"},"log":{"level":"INFO","logger":"org.springframework.kafka.listener.KafkaMessageListenerContainer","rgpd":"false","authentication":""},"message":"ASF.PEAGE.BACKOFFICE.PARTAGE.RECOUVRABLE-dlt: Consumer stopped","organization":{"service":{"id":"USR-SVC-001","application":"kafka-consumer-batch-service","version":"1.0.0"}}}
2026-02-25T10:18:14.549Z  INFO 14788 --- [kafka-consumer-batch-service] [hConsumer-3-C-1] [                                                 ] o.s.k.l.KafkaMessageListenerContainer    : ASF.PEAGE.BACKOFFICE.PARTAGE.RECOUVRABLE: Consumer stopped
{"@timestamp":"2026-02-25T10:18:14.549362915Z","event":{"category":"web","kind":"event","outcome":"success","type":"access"},"correlation":{"id":"none","traceId":"none","spanId":"none"},"log":{"level":"INFO","logger":"org.springframework.kafka.listener.KafkaMessageListenerContainer","rgpd":"false","authentication":""},"message":"ASF.PEAGE.BACKOFFICE.PARTAGE.RECOUVRABLE: Consumer stopped","organization":{"service":{"id":"USR-SVC-001","application":"kafka-consumer-batch-service","version":"1.0.0"}}}
2026-02-25T10:18:14.552Z  INFO 14788 --- [kafka-consumer-batch-service] [hConsumer-0-C-1] [                                                 ] o.s.k.l.KafkaMessageListenerContainer    : ASF.PEAGE.BACKOFFICE.PARTAGE.RECOUVRABLE: Consumer stopped
{"@timestamp":"2026-02-25T10:18:14.552167578Z","event":{"category":"web","kind":"event","outcome":"success","type":"access"},"correlation":{"id":"none","traceId":"none","spanId":"none"},"log":{"level":"INFO","logger":"org.springframework.kafka.listener.KafkaMessageListenerContainer","rgpd":"false","authentication":""},"message":"ASF.PEAGE.BACKOFFICE.PARTAGE.RECOUVRABLE: Consumer stopped","organization":{"service":{"id":"USR-SVC-001","application":"kafka-consumer-batch-service","version":"1.0.0"}}}
2026-02-25T10:18:14.554Z  INFO 14788 --- [kafka-consumer-batch-service] [hConsumer-2-C-1] [                                                 ] o.s.k.l.KafkaMessageListenerContainer    : ASF.PEAGE.BACKOFFICE.PARTAGE.RECOUVRABLE: Consumer stopped
{"@timestamp":"2026-02-25T10:18:14.554967599Z","event":{"category":"web","kind":"event","outcome":"success","type":"access"},"correlation":{"id":"none","traceId":"none","spanId":"none"},"log":{"level":"INFO","logger":"org.springframework.kafka.listener.KafkaMessageListenerContainer","rgpd":"false","authentication":""},"message":"ASF.PEAGE.BACKOFFICE.PARTAGE.RECOUVRABLE: Consumer stopped","organization":{"service":{"id":"USR-SVC-001","application":"kafka-consumer-batch-service","version":"1.0.0"}}}
2026-02-25T10:18:14.558Z  INFO 14788 --- [kafka-consumer-batch-service] [hConsumer-4-C-1] [                                                 ] o.s.k.l.KafkaMessageListenerContainer    : ASF.PEAGE.BACKOFFICE.PARTAGE.RECOUVRABLE: Consumer stopped
{"@timestamp":"2026-02-25T10:18:14.558182082Z","event":{"category":"web","kind":"event","outcome":"success","type":"access"},"correlation":{"id":"none","traceId":"none","spanId":"none"},"log":{"level":"INFO","logger":"org.springframework.kafka.listener.KafkaMessageListenerContainer","rgpd":"false","authentication":""},"message":"ASF.PEAGE.BACKOFFICE.PARTAGE.RECOUVRABLE: Consumer stopped","organization":{"service":{"id":"USR-SVC-001","application":"kafka-consumer-batch-service","version":"1.0.0"}}}
2026-02-25T10:18:14.558Z  INFO 14788 --- [kafka-consumer-batch-service] [ionShutdownHook] [                                                 ] o.s.m.s.b.SimpleBrokerMessageHandler     : Stopping...
{"@timestamp":"2026-02-25T10:18:14.558944212Z","event":{"category":"web","kind":"event","outcome":"success","type":"access"},"correlation":{"id":"none","traceId":"none","spanId":"none"},"log":{"level":"INFO","logger":"org.springframework.messaging.simp.broker.SimpleBrokerMessageHandler","rgpd":"false","authentication":""},"message":"Stopping...","organization":{"service":{"id":"USR-SVC-001","application":"kafka-consumer-batch-service","version":"1.0.0"}}}
2026-02-25T10:18:14.559Z  INFO 14788 --- [kafka-consumer-batch-service] [ionShutdownHook] [                                                 ] o.s.m.s.b.SimpleBrokerMessageHandler     : BrokerAvailabilityEvent[available=false, SimpleBrokerMessageHandler [org.springframework.messaging.simp.broker.DefaultSubscriptionRegistry@53a5b50f]]
{"@timestamp":"2026-02-25T10:18:14.559393372Z","event":{"category":"web","kind":"event","outcome":"success","type":"access"},"correlation":{"id":"none","traceId":"none","spanId":"none"},"log":{"level":"INFO","logger":"org.springframework.messaging.simp.broker.SimpleBrokerMessageHandler","rgpd":"false","authentication":""},"message":"BrokerAvailabilityEvent[available=false, SimpleBrokerMessageHandler [org.springframework.messaging.simp.broker.DefaultSubscriptionRegistry@53a5b50f]]","organization":{"service":{"id":"USR-SVC-001","application":"kafka-consumer-batch-service","version":"1.0.0"}}}
2026-02-25T10:18:14.559Z  INFO 14788 --- [kafka-consumer-batch-service] [ionShutdownHook] [                                                 ] o.s.m.s.b.SimpleBrokerMessageHandler     : Stopped.
{"@timestamp":"2026-02-25T10:18:14.559724024Z","event":{"category":"web","kind":"event","outcome":"success","type":"access"},"correlation":{"id":"none","traceId":"none","spanId":"none"},"log":{"level":"INFO","logger":"org.springframework.messaging.simp.broker.SimpleBrokerMessageHandler","rgpd":"false","authentication":""},"message":"Stopped.","organization":{"service":{"id":"USR-SVC-001","application":"kafka-consumer-batch-service","version":"1.0.0"}}}
2026-02-25T10:18:15.539Z  WARN 14788 --- [kafka-consumer-batch-service] [| adminclient-1] [                                                 ] org.apache.kafka.clients.NetworkClient   : [AdminClient clientId=adminclient-1] Connection to node -1 (localhost/127.0.0.1:9092) could not be established. Node may not be available.
{"@timestamp":"2026-02-25T10:18:15.539768743Z","event":{"category":"web","kind":"event","outcome":"success","type":"access"},"correlation":{"id":"none","traceId":"none","spanId":"none"},"log":{"level":"WARN","logger":"org.apache.kafka.clients.NetworkClient","rgpd":"false","authentication":""},"message":"[AdminClient clientId=adminclient-1] Connection to node -1 (localhost/127.0.0.1:9092) could not be established. Node may not be available.","organization":{"service":{"id":"USR-SVC-001","application":"kafka-consumer-batch-service","version":"1.0.0"}}}
2026-02-25T10:18:16.546Z  WARN 14788 --- [kafka-consumer-batch-service] [| adminclient-1] [                                                 ] org.apache.kafka.clients.NetworkClient   : [AdminClient clientId=adminclient-1] Connection to node -1 (localhost/127.0.0.1:9092) could not be established. Node may not be available.
{"@timestamp":"2026-02-25T10:18:16.54632574Z","event":{"category":"web","kind":"event","outcome":"success","type":"access"},"correlation":{"id":"none","traceId":"none","spanId":"none"},"log":{"level":"WARN","logger":"org.apache.kafka.clients.NetworkClient","rgpd":"false","authentication":""},"message":"[AdminClient clientId=adminclient-1] Connection to node -1 (localhost/127.0.0.1:9092) could not be established. Node may not be available.","organization":{"service":{"id":"USR-SVC-001","application":"kafka-consumer-batch-service","version":"1.0.0"}}}
2026-02-25T10:18:17.552Z  WARN 14788 --- [kafka-consumer-batch-service] [| adminclient-1] [                                                 ] org.apache.kafka.clients.NetworkClient   : [AdminClient clientId=adminclient-1] Connection to node -1 (localhost/127.0.0.1:9092) could not be established. Node may not be available.
{"@timestamp":"2026-02-25T10:18:17.552988427Z","event":{"category":"web","kind":"event","outcome":"success","type":"access"},"correlation":{"id":"none","traceId":"none","spanId":"none"},"log":{"level":"WARN","logger":"org.apache.kafka.clients.NetworkClient","rgpd":"false","authentication":""},"message":"[AdminClient clientId=adminclient-1] Connection to node -1 (localhost/127.0.0.1:9092) could not be established. Node may not be available.","organization":{"service":{"id":"USR-SVC-001","application":"kafka-consumer-batch-service","version":"1.0.0"}}}
2026-02-25T10:18:18.559Z  WARN 14788 --- [kafka-consumer-batch-service] [| adminclient-1] [                                                 ] org.apache.kafka.clients.NetworkClient   : [AdminClient clientId=adminclient-1] Connection to node -1 (localhost/127.0.0.1:9092) could not be established. Node may not be available.
{"@timestamp":"2026-02-25T10:18:18.559497946Z","event":{"category":"web","kind":"event","outcome":"success","type":"access"},"correlation":{"id":"none","traceId":"none","spanId":"none"},"log":{"level":"WARN","logger":"org.apache.kafka.clients.NetworkClient","rgpd":"false","authentication":""},"message":"[AdminClient clientId=adminclient-1] Connection to node -1 (localhost/127.0.0.1:9092) could not be established. Node may not be available.","organization":{"service":{"id":"USR-SVC-001","application":"kafka-consumer-batch-service","version":"1.0.0"}}}
2026-02-25T10:18:19.606Z  WARN 14788 --- [kafka-consumer-batch-service] [| adminclient-1] [                                                 ] org.apache.kafka.clients.NetworkClient   : [AdminClient clientId=adminclient-1] Connection to node -1 (localhost/127.0.0.1:9092) could not be established. Node may not be available.
{"@timestamp":"2026-02-25T10:18:19.606867952Z","event":{"category":"web","kind":"event","outcome":"success","type":"access"},"correlation":{"id":"none","traceId":"none","spanId":"none"},"log":{"level":"WARN","logger":"org.apache.kafka.clients.NetworkClient","rgpd":"false","authentication":""},"message":"[AdminClient clientId=adminclient-1] Connection to node -1 (localhost/127.0.0.1:9092) could not be established. Node may not be available.","organization":{"service":{"id":"USR-SVC-001","application":"kafka-consumer-batch-service","version":"1.0.0"}}}
2026-02-25T10:18:20.612Z  WARN 14788 --- [kafka-consumer-batch-service] [| adminclient-1] [                                                 ] org.apache.kafka.clients.NetworkClient   : [AdminClient clientId=adminclient-1] Connection to node -1 (localhost/127.0.0.1:9092) could not be established. Node may not be available.
{"@timestamp":"2026-02-25T10:18:20.612904255Z","event":{"category":"web","kind":"event","outcome":"success","type":"access"},"correlation":{"id":"none","traceId":"none","spanId":"none"},"log":{"level":"WARN","logger":"org.apache.kafka.clients.NetworkClient","rgpd":"false","authentication":""},"message":"[AdminClient clientId=adminclient-1] Connection to node -1 (localhost/127.0.0.1:9092) could not be established. Node may not be available.","organization":{"service":{"id":"USR-SVC-001","application":"kafka-consumer-batch-service","version":"1.0.0"}}}
2026-02-25T10:18:21.619Z  WARN 14788 --- [kafka-consumer-batch-service] [| adminclient-1] [                                                 ] org.apache.kafka.clients.NetworkClient   : [AdminClient clientId=adminclient-1] Connection to node -1 (localhost/127.0.0.1:9092) could not be established. Node may not be available.
{"@timestamp":"2026-02-25T10:18:21.619475625Z","event":{"category":"web","kind":"event","outcome":"success","type":"access"},"correlation":{"id":"none","traceId":"none","spanId":"none"},"log":{"level":"WARN","logger":"org.apache.kafka.clients.NetworkClient","rgpd":"false","authentication":""},"message":"[AdminClient clientId=adminclient-1] Connection to node -1 (localhost/127.0.0.1:9092) could not be established. Node may not be available.","organization":{"service":{"id":"USR-SVC-001","application":"kafka-consumer-batch-service","version":"1.0.0"}}}
2026-02-25T10:18:22.625Z  WARN 14788 --- [kafka-consumer-batch-service] [| adminclient-1] [                                                 ] org.apache.kafka.clients.NetworkClient   : [AdminClient clientId=adminclient-1] Connection to node -1 (localhost/127.0.0.1:9092) could not be established. Node may not be available.
{"@timestamp":"2026-02-25T10:18:22.6250298Z","event":{"category":"web","kind":"event","outcome":"success","type":"access"},"correlation":{"id":"none","traceId":"none","spanId":"none"},"log":{"level":"WARN","logger":"org.apache.kafka.clients.NetworkClient","rgpd":"false","authentication":""},"message":"[AdminClient clientId=adminclient-1] Connection to node -1 (localhost/127.0.0.1:9092) could not be established. Node may not be available.","organization":{"service":{"id":"USR-SVC-001","application":"kafka-consumer-batch-service","version":"1.0.0"}}}
2026-02-25T10:18:23.631Z  WARN 14788 --- [kafka-consumer-batch-service] [| adminclient-1] [                                                 ] org.apache.kafka.clients.NetworkClient   : [AdminClient clientId=adminclient-1] Connection to node -1 (localhost/127.0.0.1:9092) could not be established. Node may not be available.
{"@timestamp":"2026-02-25T10:18:23.631296904Z","event":{"category":"web","kind":"event","outcome":"success","type":"access"},"correlation":{"id":"none","traceId":"none","spanId":"none"},"log":{"level":"WARN","logger":"org.apache.kafka.clients.NetworkClient","rgpd":"false","authentication":""},"message":"[AdminClient clientId=adminclient-1] Connection to node -1 (localhost/127.0.0.1:9092) could not be established. Node may not be available.","organization":{"service":{"id":"USR-SVC-001","application":"kafka-consumer-batch-service","version":"1.0.0"}}}
2026-02-25T10:18:24.639Z  WARN 14788 --- [kafka-consumer-batch-service] [| adminclient-1] [                                                 ] org.apache.kafka.clients.NetworkClient   : [AdminClient clientId=adminclient-1] Connection to node -1 (localhost/127.0.0.1:9092) could not be established. Node may not be available.
{"@timestamp":"2026-02-25T10:18:24.639094371Z","event":{"category":"web","kind":"event","outcome":"success","type":"access"},"correlation":{"id":"none","traceId":"none","spanId":"none"},"log":{"level":"WARN","logger":"org.apache.kafka.clients.NetworkClient","rgpd":"false","authentication":""},"message":"[AdminClient clientId=adminclient-1] Connection to node -1 (localhost/127.0.0.1:9092) could not be established. Node may not be available.","organization":{"service":{"id":"USR-SVC-001","application":"kafka-consumer-batch-service","version":"1.0.0"}}}
2026-02-25T10:18:25.644Z  WARN 14788 --- [kafka-consumer-batch-service] [| adminclient-1] [                                                 ] org.apache.kafka.clients.NetworkClient   : [AdminClient clientId=adminclient-1] Connection to node -1 (localhost/127.0.0.1:9092) could not be established. Node may not be available.
{"@timestamp":"2026-02-25T10:18:25.644955462Z","event":{"category":"web","kind":"event","outcome":"success","type":"access"},"correlation":{"id":"none","traceId":"none","spanId":"none"},"log":{"level":"WARN","logger":"org.apache.kafka.clients.NetworkClient","rgpd":"false","authentication":""},"message":"[AdminClient clientId=adminclient-1] Connection to node -1 (localhost/127.0.0.1:9092) could not be established. Node may not be available.","organization":{"service":{"id":"USR-SVC-001","application":"kafka-consumer-batch-service","version":"1.0.0"}}}
2026-02-25T10:18:26.650Z  WARN 14788 --- [kafka-consumer-batch-service] [| adminclient-1] [                                                 ] org.apache.kafka.clients.NetworkClient   : [AdminClient clientId=adminclient-1] Connection to node -1 (localhost/127.0.0.1:9092) could not be established. Node may not be available.
{"@timestamp":"2026-02-25T10:18:26.650931839Z","event":{"category":"web","kind":"event","outcome":"success","type":"access"},"correlation":{"id":"none","traceId":"none","spanId":"none"},"log":{"level":"WARN","logger":"org.apache.kafka.clients.NetworkClient","rgpd":"false","authentication":""},"message":"[AdminClient clientId=adminclient-1] Connection to node -1 (localhost/127.0.0.1:9092) could not be established. Node may not be available.","organization":{"service":{"id":"USR-SVC-001","application":"kafka-consumer-batch-service","version":"1.0.0"}}}
2026-02-25T10:18:27.558Z  WARN 14788 --- [kafka-consumer-batch-service] [| adminclient-1] [                                                 ] org.apache.kafka.clients.NetworkClient   : [AdminClient clientId=adminclient-1] Connection to node -1 (localhost/127.0.0.1:9092) could not be established. Node may not be available.
{"@timestamp":"2026-02-25T10:18:27.55810577Z","event":{"category":"web","kind":"event","outcome":"success","type":"access"},"correlation":{"id":"none","traceId":"none","spanId":"none"},"log":{"level":"WARN","logger":"org.apache.kafka.clients.NetworkClient","rgpd":"false","authentication":""},"message":"[AdminClient clientId=adminclient-1] Connection to node -1 (localhost/127.0.0.1:9092) could not be established. Node may not be available.","organization":{"service":{"id":"USR-SVC-001","application":"kafka-consumer-batch-service","version":"1.0.0"}}}
2026-02-25T10:18:28.568Z  WARN 14788 --- [kafka-consumer-batch-service] [| adminclient-1] [                                                 ] org.apache.kafka.clients.NetworkClient   : [AdminClient clientId=adminclient-1] Connection to node -1 (localhost/127.0.0.1:9092) could not be established. Node may not be available.
{"@timestamp":"2026-02-25T10:18:28.568130716Z","event":{"category":"web","kind":"event","outcome":"success","type":"access"},"correlation":{"id":"none","traceId":"none","spanId":"none"},"log":{"level":"WARN","logger":"org.apache.kafka.clients.NetworkClient","rgpd":"false","authentication":""},"message":"[AdminClient clientId=adminclient-1] Connection to node -1 (localhost/127.0.0.1:9092) could not be established. Node may not be available.","organization":{"service":{"id":"USR-SVC-001","application":"kafka-consumer-batch-service","version":"1.0.0"}}}
2026-02-25T10:18:29.578Z  WARN 14788 --- [kafka-consumer-batch-service] [| adminclient-1] [                                                 ] org.apache.kafka.clients.NetworkClient   : [AdminClient clientId=adminclient-1] Connection to node -1 (localhost/127.0.0.1:9092) could not be established. Node may not be available.
{"@timestamp":"2026-02-25T10:18:29.578963772Z","event":{"category":"web","kind":"event","outcome":"success","type":"access"},"correlation":{"id":"none","traceId":"none","spanId":"none"},"log":{"level":"WARN","logger":"org.apache.kafka.clients.NetworkClient","rgpd":"false","authentication":""},"message":"[AdminClient clientId=adminclient-1] Connection to node -1 (localhost/127.0.0.1:9092) could not be established. Node may not be available.","organization":{"service":{"id":"USR-SVC-001","application":"kafka-consumer-batch-service","version":"1.0.0"}}}
2026-02-25T10:18:30.591Z  WARN 14788 --- [kafka-consumer-batch-service] [| adminclient-1] [                                                 ] org.apache.kafka.clients.NetworkClient   : [AdminClient clientId=adminclient-1] Connection to node -1 (localhost/127.0.0.1:9092) could not be established. Node may not be available.
{"@timestamp":"2026-02-25T10:18:30.591308898Z","event":{"category":"web","kind":"event","outcome":"success","type":"access"},"correlation":{"id":"none","traceId":"none","spanId":"none"},"log":{"level":"WARN","logger":"org.apache.kafka.clients.NetworkClient","rgpd":"false","authentication":""},"message":"[AdminClient clientId=adminclient-1] Connection to node -1 (localhost/127.0.0.1:9092) could not be established. Node may not be available.","organization":{"service":{"id":"USR-SVC-001","application":"kafka-consumer-batch-service","version":"1.0.0"}}}
2026-02-25T10:18:31.601Z  WARN 14788 --- [kafka-consumer-batch-service] [| adminclient-1] [                                                 ] org.apache.kafka.clients.NetworkClient   : [AdminClient clientId=adminclient-1] Connection to node -1 (localhost/127.0.0.1:9092) could not be established. Node may not be available.
{"@timestamp":"2026-02-25T10:18:31.601427988Z","event":{"category":"web","kind":"event","outcome":"success","type":"access"},"correlation":{"id":"none","traceId":"none","spanId":"none"},"log":{"level":"WARN","logger":"org.apache.kafka.clients.NetworkClient","rgpd":"false","authentication":""},"message":"[AdminClient clientId=adminclient-1] Connection to node -1 (localhost/127.0.0.1:9092) could not be established. Node may not be available.","organization":{"service":{"id":"USR-SVC-001","application":"kafka-consumer-batch-service","version":"1.0.0"}}}
2026-02-25T10:18:32.607Z  WARN 14788 --- [kafka-consumer-batch-service] [| adminclient-1] [                                                 ] org.apache.kafka.clients.NetworkClient   : [AdminClient clientId=adminclient-1] Connection to node -1 (localhost/127.0.0.1:9092) could not be established. Node may not be available.
{"@timestamp":"2026-02-25T10:18:32.607976445Z","event":{"category":"web","kind":"event","outcome":"success","type":"access"},"correlation":{"id":"none","traceId":"none","spanId":"none"},"log":{"level":"WARN","logger":"org.apache.kafka.clients.NetworkClient","rgpd":"false","authentication":""},"message":"[AdminClient clientId=adminclient-1] Connection to node -1 (localhost/127.0.0.1:9092) could not be established. Node may not be available.","organization":{"service":{"id":"USR-SVC-001","application":"kafka-consumer-batch-service","version":"1.0.0"}}}
2026-02-25T10:18:33.513Z  WARN 14788 --- [kafka-consumer-batch-service] [| adminclient-1] [                                                 ] org.apache.kafka.clients.NetworkClient   : [AdminClient clientId=adminclient-1] Connection to node -1 (localhost/127.0.0.1:9092) could not be established. Node may not be available.
{"@timestamp":"2026-02-25T10:18:33.513548465Z","event":{"category":"web","kind":"event","outcome":"success","type":"access"},"correlation":{"id":"none","traceId":"none","spanId":"none"},"log":{"level":"WARN","logger":"org.apache.kafka.clients.NetworkClient","rgpd":"false","authentication":""},"message":"[AdminClient clientId=adminclient-1] Connection to node -1 (localhost/127.0.0.1:9092) could not be established. Node may not be available.","organization":{"service":{"id":"USR-SVC-001","application":"kafka-consumer-batch-service","version":"1.0.0"}}}
2026-02-25T10:18:34.521Z  WARN 14788 --- [kafka-consumer-batch-service] [| adminclient-1] [                                                 ] org.apache.kafka.clients.NetworkClient   : [AdminClient clientId=adminclient-1] Connection to node -1 (localhost/127.0.0.1:9092) could not be established. Node may not be available.
{"@timestamp":"2026-02-25T10:18:34.521503731Z","event":{"category":"web","kind":"event","outcome":"success","type":"access"},"correlation":{"id":"none","traceId":"none","spanId":"none"},"log":{"level":"WARN","logger":"org.apache.kafka.clients.NetworkClient","rgpd":"false","authentication":""},"message":"[AdminClient clientId=adminclient-1] Connection to node -1 (localhost/127.0.0.1:9092) could not be established. Node may not be available.","organization":{"service":{"id":"USR-SVC-001","application":"kafka-consumer-batch-service","version":"1.0.0"}}}
2026-02-25T10:18:35.428Z  WARN 14788 --- [kafka-consumer-batch-service] [| adminclient-1] [                                                 ] org.apache.kafka.clients.NetworkClient   : [AdminClient clientId=adminclient-1] Connection to node -1 (localhost/127.0.0.1:9092) could not be established. Node may not be available.
{"@timestamp":"2026-02-25T10:18:35.428733332Z","event":{"category":"web","kind":"event","outcome":"success","type":"access"},"correlation":{"id":"none","traceId":"none","spanId":"none"},"log":{"level":"WARN","logger":"org.apache.kafka.clients.NetworkClient","rgpd":"false","authentication":""},"message":"[AdminClient clientId=adminclient-1] Connection to node -1 (localhost/127.0.0.1:9092) could not be established. Node may not be available.","organization":{"service":{"id":"USR-SVC-001","application":"kafka-consumer-batch-service","version":"1.0.0"}}}
2026-02-25T10:18:36.336Z  WARN 14788 --- [kafka-consumer-batch-service] [| adminclient-1] [                                                 ] org.apache.kafka.clients.NetworkClient   : [AdminClient clientId=adminclient-1] Connection to node -1 (localhost/127.0.0.1:9092) could not be established. Node may not be available.
{"@timestamp":"2026-02-25T10:18:36.336967163Z","event":{"category":"web","kind":"event","outcome":"success","type":"access"},"correlation":{"id":"none","traceId":"none","spanId":"none"},"log":{"level":"WARN","logger":"org.apache.kafka.clients.NetworkClient","rgpd":"false","authentication":""},"message":"[AdminClient clientId=adminclient-1] Connection to node -1 (localhost/127.0.0.1:9092) could not be established. Node may not be available.","organization":{"service":{"id":"USR-SVC-001","application":"kafka-consumer-batch-service","version":"1.0.0"}}}
2026-02-25T10:18:37.345Z  WARN 14788 --- [kafka-consumer-batch-service] [| adminclient-1] [                                                 ] org.apache.kafka.clients.NetworkClient   : [AdminClient clientId=adminclient-1] Connection to node -1 (localhost/127.0.0.1:9092) could not be established. Node may not be available.
{"@timestamp":"2026-02-25T10:18:37.345357933Z","event":{"category":"web","kind":"event","outcome":"success","type":"access"},"correlation":{"id":"none","traceId":"none","spanId":"none"},"log":{"level":"WARN","logger":"org.apache.kafka.clients.NetworkClient","rgpd":"false","authentication":""},"message":"[AdminClient clientId=adminclient-1] Connection to node -1 (localhost/127.0.0.1:9092) could not be established. Node may not be available.","organization":{"service":{"id":"USR-SVC-001","application":"kafka-consumer-batch-service","version":"1.0.0"}}}
2026-02-25T10:18:38.352Z  WARN 14788 --- [kafka-consumer-batch-service] [| adminclient-1] [                                                 ] org.apache.kafka.clients.NetworkClient   : [AdminClient clientId=adminclient-1] Connection to node -1 (localhost/127.0.0.1:9092) could not be established. Node may not be available.
{"@timestamp":"2026-02-25T10:18:38.352981786Z","event":{"category":"web","kind":"event","outcome":"success","type":"access"},"correlation":{"id":"none","traceId":"none","spanId":"none"},"log":{"level":"WARN","logger":"org.apache.kafka.clients.NetworkClient","rgpd":"false","authentication":""},"message":"[AdminClient clientId=adminclient-1] Connection to node -1 (localhost/127.0.0.1:9092) could not be established. Node may not be available.","organization":{"service":{"id":"USR-SVC-001","application":"kafka-consumer-batch-service","version":"1.0.0"}}}
2026-02-25T10:18:39.360Z  WARN 14788 --- [kafka-consumer-batch-service] [| adminclient-1] [                                                 ] org.apache.kafka.clients.NetworkClient   : [AdminClient clientId=adminclient-1] Connection to node -1 (localhost/127.0.0.1:9092) could not be established. Node may not be available.
{"@timestamp":"2026-02-25T10:18:39.360492069Z","event":{"category":"web","kind":"event","outcome":"success","type":"access"},"correlation":{"id":"none","traceId":"none","spanId":"none"},"log":{"level":"WARN","logger":"org.apache.kafka.clients.NetworkClient","rgpd":"false","authentication":""},"message":"[AdminClient clientId=adminclient-1] Connection to node -1 (localhost/127.0.0.1:9092) could not be established. Node may not be available.","organization":{"service":{"id":"USR-SVC-001","application":"kafka-consumer-batch-service","version":"1.0.0"}}}
2026-02-25T10:18:40.323Z  WARN 14788 --- [kafka-consumer-batch-service] [| adminclient-1] [                                                 ] org.apache.kafka.clients.NetworkClient   : [AdminClient clientId=adminclient-1] Connection to node -1 (localhost/127.0.0.1:9092) could not be established. Node may not be available.
{"@timestamp":"2026-02-25T10:18:40.323409918Z","event":{"category":"web","kind":"event","outcome":"success","type":"access"},"correlation":{"id":"none","traceId":"none","spanId":"none"},"log":{"level":"WARN","logger":"org.apache.kafka.clients.NetworkClient","rgpd":"false","authentication":""},"message":"[AdminClient clientId=adminclient-1] Connection to node -1 (localhost/127.0.0.1:9092) could not be established. Node may not be available.","organization":{"service":{"id":"USR-SVC-001","application":"kafka-consumer-batch-service","version":"1.0.0"}}}
2026-02-25T10:18:41.330Z  WARN 14788 --- [kafka-consumer-batch-service] [| adminclient-1] [                                                 ] org.apache.kafka.clients.NetworkClient   : [AdminClient clientId=adminclient-1] Connection to node -1 (localhost/127.0.0.1:9092) could not be established. Node may not be available.
{"@timestamp":"2026-02-25T10:18:41.330579459Z","event":{"category":"web","kind":"event","outcome":"success","type":"access"},"correlation":{"id":"none","traceId":"none","spanId":"none"},"log":{"level":"WARN","logger":"org.apache.kafka.clients.NetworkClient","rgpd":"false","authentication":""},"message":"[AdminClient clientId=adminclient-1] Connection to node -1 (localhost/127.0.0.1:9092) could not be established. Node may not be available.","organization":{"service":{"id":"USR-SVC-001","application":"kafka-consumer-batch-service","version":"1.0.0"}}}
2026-02-25T10:18:42.336Z  WARN 14788 --- [kafka-consumer-batch-service] [| adminclient-1] [                                                 ] org.apache.kafka.clients.NetworkClient   : [AdminClient clientId=adminclient-1] Connection to node -1 (localhost/127.0.0.1:9092) could not be established. Node may not be available.
{"@timestamp":"2026-02-25T10:18:42.33662279Z","event":{"category":"web","kind":"event","outcome":"success","type":"access"},"correlation":{"id":"none","traceId":"none","spanId":"none"},"log":{"level":"WARN","logger":"org.apache.kafka.clients.NetworkClient","rgpd":"false","authentication":""},"message":"[AdminClient clientId=adminclient-1] Connection to node -1 (localhost/127.0.0.1:9092) could not be established. Node may not be available.","organization":{"service":{"id":"USR-SVC-001","application":"kafka-consumer-batch-service","version":"1.0.0"}}}
2026-02-25T10:18:43.242Z  WARN 14788 --- [kafka-consumer-batch-service] [| adminclient-1] [                                                 ] org.apache.kafka.clients.NetworkClient   : [AdminClient clientId=adminclient-1] Connection to node -1 (localhost/127.0.0.1:9092) could not be established. Node may not be available.
{"@timestamp":"2026-02-25T10:18:43.24208165Z","event":{"category":"web","kind":"event","outcome":"success","type":"access"},"correlation":{"id":"none","traceId":"none","spanId":"none"},"log":{"level":"WARN","logger":"org.apache.kafka.clients.NetworkClient","rgpd":"false","authentication":""},"message":"[AdminClient clientId=adminclient-1] Connection to node -1 (localhost/127.0.0.1:9092) could not be established. Node may not be available.","organization":{"service":{"id":"USR-SVC-001","application":"kafka-consumer-batch-service","version":"1.0.0"}}}
2026-02-25T10:18:44.148Z  WARN 14788 --- [kafka-consumer-batch-service] [| adminclient-1] [                                                 ] org.apache.kafka.clients.NetworkClient   : [AdminClient clientId=adminclient-1] Connection to node -1 (localhost/127.0.0.1:9092) could not be established. Node may not be available.
{"@timestamp":"2026-02-25T10:18:44.148155206Z","event":{"category":"web","kind":"event","outcome":"success","type":"access"},"correlation":{"id":"none","traceId":"none","spanId":"none"},"log":{"level":"WARN","logger":"org.apache.kafka.clients.NetworkClient","rgpd":"false","authentication":""},"message":"[AdminClient clientId=adminclient-1] Connection to node -1 (localhost/127.0.0.1:9092) could not be established. Node may not be available.","organization":{"service":{"id":"USR-SVC-001","application":"kafka-consumer-batch-service","version":"1.0.0"}}}
[ERROR] Surefire is going to kill self fork JVM. The exit has elapsed 30 seconds after System.exit(0).
[INFO]
[INFO] Results:
[INFO]
[INFO] Tests run: 1, Failures: 0, Errors: 0, Skipped: 0
[INFO]
[INFO]
[INFO] --- jacoco:0.8.14:report (report) @ kafka-consumer-demo ---
[INFO] Skipping JaCoCo execution due to missing execution data file.
[INFO] ------------------------------------------------------------------------
[INFO] BUILD SUCCESS
[INFO] ------------------------------------------------------------------------
[INFO] Total time:  48.645 s
[INFO] Finished at: 2026-02-25T10:18:44Z
[INFO] ------------------------------------------------------------------------
